u_e203_soc_top/u_e203_subsys_top/u_e203_subsys_main/u_e203_cpu_top/u_e203_cpu/u_e203_itcm_ctrl/u_sram_icb_ctrl/u_byp_icb_cmd_buf/u_bypbuf_fifo/dp_gt0_fifo_rf_0__fifo_rf_dffl/qout_r_reg_0_/D    -1.30 (VIOLATED)
u_e203_soc_top/u_e203_subsys_top/u_e203_subsys_main/u_e203_cpu_top/u_e203_cpu/u_e203_itcm_ctrl/u_sram_icb_ctrl/u_byp_icb_cmd_buf/u_bypbuf_fifo/dp_gt0_fifo_rf_0__fifo_rf_dffl/qout_r_reg_63_/D    -1.24 (VIOLATED)
u_e203_soc_top/u_e203_subsys_top/u_e203_subsys_main/u_e203_cpu_top/u_e203_cpu/u_e203_core/u_e203_biu/u_sirv_gnrl_icb_buffer/u_sirv_gnrl_cmd_fifo/dp_gt0_vec_0_dfflrs/qout_r_reg_0_/D    -1.23 (VIOLATED)
u_e203_soc_top/u_e203_subsys_top/u_e203_subsys_main/u_e203_cpu_top/u_e203_cpu/u_e203_core/u_e203_biu/u_sirv_gnrl_icb_buffer/u_sirv_gnrl_cmd_fifo/dp_gt0_vec_31_dfflr/qout_r_reg_0_/D    -1.23 (VIOLATED)
u_e203_soc_top/u_e203_subsys_top/u_e203_subsys_main/u_e203_cpu_top/u_e203_cpu/u_e203_core/u_e203_ifu/u_e203_ifu_ifetch/ifu_hi_ir_dfflr/qout_r_reg_1_/D    -1.16 (VIOLATED)
u_e203_soc_top/u_e203_subsys_top/u_e203_subsys_main/u_e203_cpu_top/u_e203_cpu/u_e203_core/u_e203_ifu/u_e203_ifu_ifetch/ifu_hi_ir_dfflr/qout_r_reg_0_/D    -1.16 (VIOLATED)
u_e203_soc_top/u_e203_subsys_top/u_e203_subsys_main/u_e203_cpu_top/u_e203_cpu/u_e203_dtcm_ctrl/u_sram_icb_ctrl/u_byp_icb_cmd_buf/u_bypbuf_fifo/dp_gt0_fifo_rf_0__fifo_rf_dffl/qout_r_reg_16_/D    -1.12 (VIOLATED)
u_e203_soc_top/u_e203_subsys_top/u_e203_subsys_main/u_e203_cpu_top/u_e203_cpu/u_e203_dtcm_ctrl/u_sram_icb_ctrl/u_byp_icb_cmd_buf/u_bypbuf_fifo/dp_gt0_fifo_rf_0__fifo_rf_dffl/qout_r_reg_17_/D    -1.12 (VIOLATED)