u_e203_soc_top/u_e203_subsys_top/u_e203_subsys_main/u_e203_cpu_top/u_e203_cpu/u_e203_itcm_ctrl/u_sram_icb_ctrl/u_byp_icb_cmd_buf/u_bypbuf_fifo/dp_gt0_fifo_rf_0__fifo_rf_dffl/qout_r_reg_0_/D    -0.49 (VIOLATED)
u_e203_soc_top/u_e203_subsys_top/u_e203_subsys_main/u_e203_cpu_top/u_e203_cpu/u_e203_itcm_ctrl/u_sram_icb_ctrl/u_byp_icb_cmd_buf/u_bypbuf_fifo/dp_gt0_fifo_rf_0__fifo_rf_dffl/qout_r_reg_10_/D    -0.49 (VIOLATED)
u_e203_soc_top/u_e203_subsys_top/u_e203_subsys_main/u_e203_cpu_top/u_e203_cpu/u_e203_itcm_ctrl/u_sram_icb_ctrl/u_byp_icb_cmd_buf/u_bypbuf_fifo/dp_gt0_fifo_rf_0__fifo_rf_dffl/qout_r_reg_11_/D    -0.49 (VIOLATED)
u_e203_soc_top/u_e203_subsys_top/u_e203_subsys_main/u_e203_cpu_top/u_e203_cpu/u_e203_itcm_ctrl/u_sram_icb_ctrl/u_byp_icb_cmd_buf/u_bypbuf_fifo/dp_gt0_fifo_rf_0__fifo_rf_dffl/qout_r_reg_12_/D    -0.49 (VIOLATED)
u_e203_soc_top/u_e203_subsys_top/u_e203_subsys_main/u_e203_cpu_top/u_e203_cpu/u_e203_itcm_ctrl/u_sram_icb_ctrl/u_byp_icb_cmd_buf/u_bypbuf_fifo/dp_gt0_fifo_rf_0__fifo_rf_dffl/qout_r_reg_13_/D    -0.49 (VIOLATED)
u_e203_soc_top/u_e203_subsys_top/u_e203_subsys_main/u_e203_cpu_top/u_e203_cpu/u_e203_itcm_ctrl/u_sram_icb_ctrl/u_byp_icb_cmd_buf/u_bypbuf_fifo/dp_gt0_fifo_rf_0__fifo_rf_dffl/qout_r_reg_14_/D    -0.49 (VIOLATED)
u_e203_soc_top/u_e203_subsys_top/u_e203_subsys_main/u_e203_cpu_top/u_e203_cpu/u_e203_itcm_ctrl/u_sram_icb_ctrl/u_byp_icb_cmd_buf/u_bypbuf_fifo/dp_gt0_fifo_rf_0__fifo_rf_dffl/qout_r_reg_22_/D    -0.49 (VIOLATED)
u_e203_soc_top/u_e203_subsys_top/u_e203_subsys_main/u_e203_cpu_top/u_e203_cpu/u_e203_itcm_ctrl/u_sram_icb_ctrl/u_byp_icb_cmd_buf/u_bypbuf_fifo/dp_gt0_fifo_rf_0__fifo_rf_dffl/qout_r_reg_29_/D    -0.49 (VIOLATED)
u_e203_soc_top/u_e203_subsys_top/u_e203_subsys_main/u_e203_cpu_top/u_e203_cpu/u_e203_itcm_ctrl/u_sram_icb_ctrl/u_byp_icb_cmd_buf/u_bypbuf_fifo/dp_gt0_fifo_rf_0__fifo_rf_dffl/qout_r_reg_38_/D    -0.49 (VIOLATED)
u_e203_soc_top/u_e203_subsys_top/u_e203_subsys_main/u_e203_cpu_top/u_e203_cpu/u_e203_itcm_ctrl/u_sram_icb_ctrl/u_byp_icb_cmd_buf/u_bypbuf_fifo/dp_gt0_fifo_rf_0__fifo_rf_dffl/qout_r_reg_45_/D    -0.49 (VIOLATED)
u_e203_soc_top/u_e203_subsys_top/u_e203_subsys_main/u_e203_cpu_top/u_e203_cpu/u_e203_itcm_ctrl/u_sram_icb_ctrl/u_byp_icb_cmd_buf/u_bypbuf_fifo/dp_gt0_fifo_rf_0__fifo_rf_dffl/qout_r_reg_50_/D    -0.49 (VIOLATED)
u_e203_soc_top/u_e203_subsys_top/u_e203_subsys_main/u_e203_cpu_top/u_e203_cpu/u_e203_itcm_ctrl/u_sram_icb_ctrl/u_byp_icb_cmd_buf/u_bypbuf_fifo/dp_gt0_fifo_rf_0__fifo_rf_dffl/qout_r_reg_51_/D    -0.49 (VIOLATED)
u_e203_soc_top/u_e203_subsys_top/u_e203_subsys_main/u_e203_cpu_top/u_e203_cpu/u_e203_itcm_ctrl/u_sram_icb_ctrl/u_byp_icb_cmd_buf/u_bypbuf_fifo/dp_gt0_fifo_rf_0__fifo_rf_dffl/qout_r_reg_52_/D    -0.49 (VIOLATED)
u_e203_soc_top/u_e203_subsys_top/u_e203_subsys_main/u_e203_cpu_top/u_e203_cpu/u_e203_itcm_ctrl/u_sram_icb_ctrl/u_byp_icb_cmd_buf/u_bypbuf_fifo/dp_gt0_fifo_rf_0__fifo_rf_dffl/qout_r_reg_53_/D    -0.49 (VIOLATED)
u_e203_soc_top/u_e203_subsys_top/u_e203_subsys_main/u_e203_cpu_top/u_e203_cpu/u_e203_itcm_ctrl/u_sram_icb_ctrl/u_byp_icb_cmd_buf/u_bypbuf_fifo/dp_gt0_fifo_rf_0__fifo_rf_dffl/qout_r_reg_54_/D    -0.49 (VIOLATED)
u_e203_soc_top/u_e203_subsys_top/u_e203_subsys_main/u_e203_cpu_top/u_e203_cpu/u_e203_itcm_ctrl/u_sram_icb_ctrl/u_byp_icb_cmd_buf/u_bypbuf_fifo/dp_gt0_fifo_rf_0__fifo_rf_dffl/qout_r_reg_59_/D    -0.49 (VIOLATED)
u_e203_soc_top/u_e203_subsys_top/u_e203_subsys_main/u_e203_cpu_top/u_e203_cpu/u_e203_itcm_ctrl/u_sram_icb_ctrl/u_byp_icb_cmd_buf/u_bypbuf_fifo/dp_gt0_fifo_rf_0__fifo_rf_dffl/qout_r_reg_60_/D    -0.49 (VIOLATED)
u_e203_soc_top/u_e203_subsys_top/u_e203_subsys_main/u_e203_cpu_top/u_e203_cpu/u_e203_itcm_ctrl/u_sram_icb_ctrl/u_byp_icb_cmd_buf/u_bypbuf_fifo/dp_gt0_fifo_rf_0__fifo_rf_dffl/qout_r_reg_61_/D    -0.49 (VIOLATED)
u_e203_soc_top/u_e203_subsys_top/u_e203_subsys_main/u_e203_cpu_top/u_e203_cpu/u_e203_itcm_ctrl/u_sram_icb_ctrl/u_byp_icb_cmd_buf/u_bypbuf_fifo/dp_gt0_fifo_rf_0__fifo_rf_dffl/qout_r_reg_64_/D    -0.49 (VIOLATED)
u_e203_soc_top/u_e203_subsys_top/u_e203_subsys_main/u_e203_cpu_top/u_e203_cpu/u_e203_itcm_ctrl/u_sram_icb_ctrl/u_byp_icb_cmd_buf/u_bypbuf_fifo/dp_gt0_fifo_rf_0__fifo_rf_dffl/qout_r_reg_72_/D    -0.49 (VIOLATED)
u_e203_soc_top/u_e203_subsys_top/u_e203_subsys_main/u_e203_cpu_top/u_e203_cpu/u_e203_itcm_ctrl/u_sram_icb_ctrl/u_byp_icb_cmd_buf/u_bypbuf_fifo/dp_gt0_fifo_rf_0__fifo_rf_dffl/qout_r_reg_74_/D    -0.49 (VIOLATED)
u_e203_soc_top/u_e203_subsys_top/u_e203_subsys_main/u_e203_cpu_top/u_e203_cpu/u_e203_itcm_ctrl/u_sram_icb_ctrl/u_byp_icb_cmd_buf/u_bypbuf_fifo/dp_gt0_fifo_rf_0__fifo_rf_dffl/qout_r_reg_23_/D    -0.49 (VIOLATED)
u_e203_soc_top/u_e203_subsys_top/u_e203_subsys_main/u_e203_cpu_top/u_e203_cpu/u_e203_itcm_ctrl/u_sram_icb_ctrl/u_byp_icb_cmd_buf/u_bypbuf_fifo/dp_gt0_fifo_rf_0__fifo_rf_dffl/qout_r_reg_25_/D    -0.49 (VIOLATED)
u_e203_soc_top/u_e203_subsys_top/u_e203_subsys_main/u_e203_cpu_top/u_e203_cpu/u_e203_itcm_ctrl/u_sram_icb_ctrl/u_byp_icb_cmd_buf/u_bypbuf_fifo/dp_gt0_fifo_rf_0__fifo_rf_dffl/qout_r_reg_27_/D    -0.49 (VIOLATED)
u_e203_soc_top/u_e203_subsys_top/u_e203_subsys_main/u_e203_cpu_top/u_e203_cpu/u_e203_itcm_ctrl/u_sram_icb_ctrl/u_byp_icb_cmd_buf/u_bypbuf_fifo/dp_gt0_fifo_rf_0__fifo_rf_dffl/qout_r_reg_8_/D    -0.49 (VIOLATED)
u_e203_soc_top/u_e203_subsys_top/u_e203_subsys_main/u_e203_cpu_top/u_e203_cpu/u_e203_itcm_ctrl/u_sram_icb_ctrl/u_byp_icb_cmd_buf/u_bypbuf_fifo/dp_gt0_fifo_rf_0__fifo_rf_dffl/qout_r_reg_9_/D    -0.49 (VIOLATED)
u_e203_soc_top/u_e203_subsys_top/u_e203_subsys_main/u_e203_cpu_top/u_e203_cpu/u_e203_itcm_ctrl/u_sram_icb_ctrl/u_byp_icb_cmd_buf/u_bypbuf_fifo/dp_gt0_fifo_rf_0__fifo_rf_dffl/qout_r_reg_24_/D    -0.49 (VIOLATED)
u_e203_soc_top/u_e203_subsys_top/u_e203_subsys_main/u_e203_cpu_top/u_e203_cpu/u_e203_itcm_ctrl/u_sram_icb_ctrl/u_byp_icb_cmd_buf/u_bypbuf_fifo/dp_gt0_fifo_rf_0__fifo_rf_dffl/qout_r_reg_26_/D    -0.49 (VIOLATED)
u_e203_soc_top/u_e203_subsys_top/u_e203_subsys_main/u_e203_cpu_top/u_e203_cpu/u_e203_itcm_ctrl/u_sram_icb_ctrl/u_byp_icb_cmd_buf/u_bypbuf_fifo/dp_gt0_fifo_rf_0__fifo_rf_dffl/qout_r_reg_28_/D    -0.49 (VIOLATED)
u_e203_soc_top/u_e203_subsys_top/u_e203_subsys_main/u_e203_cpu_top/u_e203_cpu/u_e203_itcm_ctrl/u_sram_icb_ctrl/u_byp_icb_cmd_buf/u_bypbuf_fifo/dp_gt0_fifo_rf_0__fifo_rf_dffl/qout_r_reg_1_/D    -0.49 (VIOLATED)
u_e203_soc_top/u_e203_subsys_top/u_e203_subsys_main/u_e203_cpu_top/u_e203_cpu/u_e203_itcm_ctrl/u_sram_icb_ctrl/u_byp_icb_cmd_buf/u_bypbuf_fifo/dp_gt0_fifo_rf_0__fifo_rf_dffl/qout_r_reg_77_/D    -0.48 (VIOLATED)
u_e203_soc_top/u_e203_subsys_top/u_e203_subsys_main/u_e203_cpu_top/u_e203_cpu/u_e203_itcm_ctrl/u_sram_icb_ctrl/u_byp_icb_cmd_buf/u_bypbuf_fifo/dp_gt0_fifo_rf_0__fifo_rf_dffl/qout_r_reg_80_/D    -0.48 (VIOLATED)
u_e203_soc_top/u_e203_subsys_top/u_e203_subsys_main/u_e203_cpu_top/u_e203_cpu/u_e203_itcm_ctrl/u_sram_icb_ctrl/u_byp_icb_cmd_buf/u_bypbuf_fifo/dp_gt0_fifo_rf_0__fifo_rf_dffl/qout_r_reg_88_/D    -0.48 (VIOLATED)
u_e203_soc_top/u_e203_subsys_top/u_e203_subsys_main/u_e203_cpu_top/u_e203_cpu/u_e203_itcm_ctrl/u_sram_icb_ctrl/u_byp_icb_cmd_buf/u_bypbuf_fifo/dp_gt0_fifo_rf_0__fifo_rf_dffl/qout_r_reg_86_/D    -0.48 (VIOLATED)
u_e203_soc_top/u_e203_subsys_top/u_e203_subsys_main/u_e203_cpu_top/u_e203_cpu/u_e203_itcm_ctrl/u_sram_icb_ctrl/u_byp_icb_cmd_buf/u_bypbuf_fifo/dp_gt0_fifo_rf_0__fifo_rf_dffl/qout_r_reg_31_/D    -0.48 (VIOLATED)
u_e203_soc_top/u_e203_subsys_top/u_e203_subsys_main/u_e203_cpu_top/u_e203_cpu/u_e203_itcm_ctrl/u_sram_icb_ctrl/u_byp_icb_cmd_buf/u_bypbuf_fifo/dp_gt0_fifo_rf_0__fifo_rf_dffl/qout_r_reg_37_/D    -0.48 (VIOLATED)
u_e203_soc_top/u_e203_subsys_top/u_e203_subsys_main/u_e203_cpu_top/u_e203_cpu/u_e203_itcm_ctrl/u_sram_icb_ctrl/u_byp_icb_cmd_buf/u_bypbuf_fifo/dp_gt0_fifo_rf_0__fifo_rf_dffl/qout_r_reg_46_/D    -0.48 (VIOLATED)
u_e203_soc_top/u_e203_subsys_top/u_e203_subsys_main/u_e203_cpu_top/u_e203_cpu/u_e203_itcm_ctrl/u_sram_icb_ctrl/u_byp_icb_cmd_buf/u_bypbuf_fifo/dp_gt0_fifo_rf_0__fifo_rf_dffl/qout_r_reg_48_/D    -0.48 (VIOLATED)
u_e203_soc_top/u_e203_subsys_top/u_e203_subsys_main/u_e203_cpu_top/u_e203_cpu/u_e203_itcm_ctrl/u_sram_icb_ctrl/u_byp_icb_cmd_buf/u_bypbuf_fifo/dp_gt0_fifo_rf_0__fifo_rf_dffl/qout_r_reg_55_/D    -0.48 (VIOLATED)
u_e203_soc_top/u_e203_subsys_top/u_e203_subsys_main/u_e203_cpu_top/u_e203_cpu/u_e203_itcm_ctrl/u_sram_icb_ctrl/u_byp_icb_cmd_buf/u_bypbuf_fifo/dp_gt0_fifo_rf_0__fifo_rf_dffl/qout_r_reg_56_/D    -0.48 (VIOLATED)
u_e203_soc_top/u_e203_subsys_top/u_e203_subsys_main/u_e203_cpu_top/u_e203_cpu/u_e203_itcm_ctrl/u_sram_icb_ctrl/u_byp_icb_cmd_buf/u_bypbuf_fifo/dp_gt0_fifo_rf_0__fifo_rf_dffl/qout_r_reg_57_/D    -0.48 (VIOLATED)
u_e203_soc_top/u_e203_subsys_top/u_e203_subsys_main/u_e203_cpu_top/u_e203_cpu/u_e203_itcm_ctrl/u_sram_icb_ctrl/u_byp_icb_cmd_buf/u_bypbuf_fifo/dp_gt0_fifo_rf_0__fifo_rf_dffl/qout_r_reg_58_/D    -0.48 (VIOLATED)
u_e203_soc_top/u_e203_subsys_top/u_e203_subsys_main/u_e203_cpu_top/u_e203_cpu/u_e203_itcm_ctrl/u_sram_icb_ctrl/u_byp_icb_cmd_buf/u_bypbuf_fifo/dp_gt0_fifo_rf_0__fifo_rf_dffl/qout_r_reg_62_/D    -0.48 (VIOLATED)
u_e203_soc_top/u_e203_subsys_top/u_e203_subsys_main/u_e203_cpu_top/u_e203_cpu/u_e203_itcm_ctrl/u_sram_icb_ctrl/u_byp_icb_cmd_buf/u_bypbuf_fifo/dp_gt0_fifo_rf_0__fifo_rf_dffl/qout_r_reg_65_/D    -0.48 (VIOLATED)
u_e203_soc_top/u_e203_subsys_top/u_e203_subsys_main/u_e203_cpu_top/u_e203_cpu/u_e203_itcm_ctrl/u_sram_icb_ctrl/u_byp_icb_cmd_buf/u_bypbuf_fifo/dp_gt0_fifo_rf_0__fifo_rf_dffl/qout_r_reg_66_/D    -0.48 (VIOLATED)
u_e203_soc_top/u_e203_subsys_top/u_e203_subsys_main/u_e203_cpu_top/u_e203_cpu/u_e203_itcm_ctrl/u_sram_icb_ctrl/u_byp_icb_cmd_buf/u_bypbuf_fifo/dp_gt0_fifo_rf_0__fifo_rf_dffl/qout_r_reg_67_/D    -0.48 (VIOLATED)
u_e203_soc_top/u_e203_subsys_top/u_e203_subsys_main/u_e203_cpu_top/u_e203_cpu/u_e203_itcm_ctrl/u_sram_icb_ctrl/u_byp_icb_cmd_buf/u_bypbuf_fifo/dp_gt0_fifo_rf_0__fifo_rf_dffl/qout_r_reg_68_/D    -0.48 (VIOLATED)
u_e203_soc_top/u_e203_subsys_top/u_e203_subsys_main/u_e203_cpu_top/u_e203_cpu/u_e203_itcm_ctrl/u_sram_icb_ctrl/u_byp_icb_cmd_buf/u_bypbuf_fifo/dp_gt0_fifo_rf_0__fifo_rf_dffl/qout_r_reg_69_/D    -0.48 (VIOLATED)
u_e203_soc_top/u_e203_subsys_top/u_e203_subsys_main/u_e203_cpu_top/u_e203_cpu/u_e203_itcm_ctrl/u_sram_icb_ctrl/u_byp_icb_cmd_buf/u_bypbuf_fifo/dp_gt0_fifo_rf_0__fifo_rf_dffl/qout_r_reg_70_/D    -0.48 (VIOLATED)
u_e203_soc_top/u_e203_subsys_top/u_e203_subsys_main/u_e203_cpu_top/u_e203_cpu/u_e203_itcm_ctrl/u_sram_icb_ctrl/u_byp_icb_cmd_buf/u_bypbuf_fifo/dp_gt0_fifo_rf_0__fifo_rf_dffl/qout_r_reg_71_/D    -0.48 (VIOLATED)
u_e203_soc_top/u_e203_subsys_top/u_e203_subsys_main/u_e203_cpu_top/u_e203_cpu/u_e203_itcm_ctrl/u_sram_icb_ctrl/u_byp_icb_cmd_buf/u_bypbuf_fifo/dp_gt0_fifo_rf_0__fifo_rf_dffl/qout_r_reg_73_/D    -0.48 (VIOLATED)
u_e203_soc_top/u_e203_subsys_top/u_e203_subsys_main/u_e203_cpu_top/u_e203_cpu/u_e203_itcm_ctrl/u_sram_icb_ctrl/u_byp_icb_cmd_buf/u_bypbuf_fifo/dp_gt0_fifo_rf_0__fifo_rf_dffl/qout_r_reg_30_/D    -0.48 (VIOLATED)
u_e203_soc_top/u_e203_subsys_top/u_e203_subsys_main/u_e203_cpu_top/u_e203_cpu/u_e203_itcm_ctrl/u_sram_icb_ctrl/u_byp_icb_cmd_buf/u_bypbuf_fifo/dp_gt0_fifo_rf_0__fifo_rf_dffl/qout_r_reg_2_/D    -0.48 (VIOLATED)
u_e203_soc_top/u_e203_subsys_top/u_e203_subsys_main/u_e203_cpu_top/u_e203_cpu/u_e203_itcm_ctrl/u_sram_icb_ctrl/u_byp_icb_cmd_buf/u_bypbuf_fifo/dp_gt0_fifo_rf_0__fifo_rf_dffl/qout_r_reg_3_/D    -0.48 (VIOLATED)
u_e203_soc_top/u_e203_subsys_top/u_e203_subsys_main/u_e203_cpu_top/u_e203_cpu/u_e203_itcm_ctrl/u_sram_icb_ctrl/u_byp_icb_cmd_buf/u_bypbuf_fifo/dp_gt0_fifo_rf_0__fifo_rf_dffl/qout_r_reg_5_/D    -0.48 (VIOLATED)
u_e203_soc_top/u_e203_subsys_top/u_e203_subsys_main/u_e203_cpu_top/u_e203_cpu/u_e203_itcm_ctrl/u_sram_icb_ctrl/u_byp_icb_cmd_buf/u_bypbuf_fifo/dp_gt0_fifo_rf_0__fifo_rf_dffl/qout_r_reg_7_/D    -0.48 (VIOLATED)
u_e203_soc_top/u_e203_subsys_top/u_e203_subsys_main/u_e203_cpu_top/u_e203_cpu/u_e203_core/u_e203_biu/u_biu_icb_arbt/arbt_num_gt_1_gen_dp_1_u_sirv_gnrl_rspid_fifo/dp_gt_0_vld_dfflr/qout_r_reg_0_/D    -0.47 (VIOLATED)
u_e203_soc_top/u_e203_subsys_top/u_e203_subsys_main/u_e203_cpu_top/u_e203_cpu/u_e203_itcm_ctrl/u_sram_icb_ctrl/u_byp_icb_cmd_buf/u_bypbuf_fifo/dp_gt0_vec_0_dfflrs/qout_r_reg_0_/D    -0.45 (VIOLATED)
u_e203_soc_top/u_e203_subsys_top/u_e203_subsys_main/u_e203_cpu_top/u_e203_cpu/u_e203_itcm_ctrl/u_sram_icb_ctrl/u_byp_icb_cmd_buf/u_bypbuf_fifo/dp_gt0_vec_31_dfflr/qout_r_reg_0_/D    -0.45 (VIOLATED)
u_e203_soc_top/u_e203_subsys_top/u_e203_subsys_main/u_e203_cpu_top/u_e203_cpu/u_e203_itcm_ctrl/u_sram_icb_ctrl/u_byp_icb_cmd_buf/u_bypbuf_fifo/dp_gt0_fifo_rf_0__fifo_rf_dffl/qout_r_reg_87_/D    -0.44 (VIOLATED)
u_e203_soc_top/u_e203_subsys_top/u_e203_subsys_main/u_e203_cpu_top/u_e203_cpu/u_e203_core/u_e203_biu/u_sirv_gnrl_icb_buffer/u_sirv_gnrl_cmd_fifo/dp_gt0_vec_0_dfflrs/qout_r_reg_0_/D    -0.44 (VIOLATED)
u_e203_soc_top/u_e203_subsys_top/u_e203_subsys_main/u_e203_cpu_top/u_e203_cpu/u_e203_itcm_ctrl/u_sram_icb_ctrl/u_byp_icb_cmd_buf/u_bypbuf_fifo/dp_gt0_fifo_rf_0__fifo_rf_dffl/qout_r_reg_85_/D    -0.44 (VIOLATED)
u_e203_soc_top/u_e203_subsys_top/u_e203_subsys_main/u_e203_cpu_top/u_e203_cpu/u_e203_itcm_ctrl/u_sram_icb_ctrl/u_byp_icb_cmd_buf/u_bypbuf_fifo/dp_gt0_fifo_rf_0__fifo_rf_dffl/qout_r_reg_79_/D    -0.44 (VIOLATED)
u_e203_soc_top/u_e203_subsys_top/u_e203_subsys_main/u_e203_cpu_top/u_e203_cpu/u_e203_itcm_ctrl/u_sram_icb_ctrl/u_byp_icb_cmd_buf/u_bypbuf_fifo/dp_gt0_fifo_rf_0__fifo_rf_dffl/qout_r_reg_83_/D    -0.44 (VIOLATED)
u_e203_soc_top/u_e203_subsys_top/u_e203_subsys_main/u_e203_cpu_top/u_e203_cpu/u_e203_itcm_ctrl/u_sram_icb_ctrl/u_byp_icb_cmd_buf/u_bypbuf_fifo/dp_gt0_fifo_rf_0__fifo_rf_dffl/qout_r_reg_84_/D    -0.44 (VIOLATED)
u_e203_soc_top/u_e203_subsys_top/u_e203_subsys_main/u_e203_cpu_top/u_e203_cpu/u_e203_itcm_ctrl/u_sram_icb_ctrl/u_byp_icb_cmd_buf/u_bypbuf_fifo/dp_gt0_fifo_rf_0__fifo_rf_dffl/qout_r_reg_76_/D    -0.44 (VIOLATED)
u_e203_soc_top/u_e203_subsys_top/u_e203_subsys_main/u_e203_cpu_top/u_e203_cpu/u_e203_itcm_ctrl/u_sram_icb_ctrl/u_byp_icb_cmd_buf/u_bypbuf_fifo/dp_gt0_fifo_rf_0__fifo_rf_dffl/qout_r_reg_15_/D    -0.44 (VIOLATED)
u_e203_soc_top/u_e203_subsys_top/u_e203_subsys_main/u_e203_cpu_top/u_e203_cpu/u_e203_itcm_ctrl/u_sram_icb_ctrl/u_byp_icb_cmd_buf/u_bypbuf_fifo/dp_gt0_fifo_rf_0__fifo_rf_dffl/qout_r_reg_32_/D    -0.44 (VIOLATED)
u_e203_soc_top/u_e203_subsys_top/u_e203_subsys_main/u_e203_cpu_top/u_e203_cpu/u_e203_itcm_ctrl/u_sram_icb_ctrl/u_byp_icb_cmd_buf/u_bypbuf_fifo/dp_gt0_fifo_rf_0__fifo_rf_dffl/qout_r_reg_33_/D    -0.44 (VIOLATED)
u_e203_soc_top/u_e203_subsys_top/u_e203_subsys_main/u_e203_cpu_top/u_e203_cpu/u_e203_itcm_ctrl/u_sram_icb_ctrl/u_byp_icb_cmd_buf/u_bypbuf_fifo/dp_gt0_fifo_rf_0__fifo_rf_dffl/qout_r_reg_34_/D    -0.44 (VIOLATED)
u_e203_soc_top/u_e203_subsys_top/u_e203_subsys_main/u_e203_cpu_top/u_e203_cpu/u_e203_itcm_ctrl/u_sram_icb_ctrl/u_byp_icb_cmd_buf/u_bypbuf_fifo/dp_gt0_fifo_rf_0__fifo_rf_dffl/qout_r_reg_35_/D    -0.44 (VIOLATED)
u_e203_soc_top/u_e203_subsys_top/u_e203_subsys_main/u_e203_cpu_top/u_e203_cpu/u_e203_itcm_ctrl/u_sram_icb_ctrl/u_byp_icb_cmd_buf/u_bypbuf_fifo/dp_gt0_fifo_rf_0__fifo_rf_dffl/qout_r_reg_40_/D    -0.44 (VIOLATED)
u_e203_soc_top/u_e203_subsys_top/u_e203_subsys_main/u_e203_cpu_top/u_e203_cpu/u_e203_itcm_ctrl/u_sram_icb_ctrl/u_byp_icb_cmd_buf/u_bypbuf_fifo/dp_gt0_fifo_rf_0__fifo_rf_dffl/qout_r_reg_41_/D    -0.44 (VIOLATED)
u_e203_soc_top/u_e203_subsys_top/u_e203_subsys_main/u_e203_cpu_top/u_e203_cpu/u_e203_itcm_ctrl/u_sram_icb_ctrl/u_byp_icb_cmd_buf/u_bypbuf_fifo/dp_gt0_fifo_rf_0__fifo_rf_dffl/qout_r_reg_47_/D    -0.44 (VIOLATED)
u_e203_soc_top/u_e203_subsys_top/u_e203_subsys_main/u_e203_cpu_top/u_e203_cpu/u_e203_itcm_ctrl/u_sram_icb_ctrl/u_byp_icb_cmd_buf/u_bypbuf_fifo/dp_gt0_fifo_rf_0__fifo_rf_dffl/qout_r_reg_49_/D    -0.44 (VIOLATED)
u_e203_soc_top/u_e203_subsys_top/u_e203_subsys_main/u_e203_cpu_top/u_e203_cpu/u_e203_itcm_ctrl/u_sram_icb_ctrl/u_byp_icb_cmd_buf/u_bypbuf_fifo/dp_gt0_fifo_rf_0__fifo_rf_dffl/qout_r_reg_20_/D    -0.44 (VIOLATED)
u_e203_soc_top/u_e203_subsys_top/u_e203_subsys_main/u_e203_cpu_top/u_e203_cpu/u_e203_itcm_ctrl/u_sram_icb_ctrl/u_byp_icb_cmd_buf/u_bypbuf_fifo/dp_gt0_fifo_rf_0__fifo_rf_dffl/qout_r_reg_21_/D    -0.44 (VIOLATED)
u_e203_soc_top/u_e203_subsys_top/u_e203_subsys_main/u_e203_cpu_top/u_e203_cpu/u_e203_itcm_ctrl/u_sram_icb_ctrl/u_byp_icb_cmd_buf/u_bypbuf_fifo/dp_gt0_fifo_rf_0__fifo_rf_dffl/qout_r_reg_82_/D    -0.44 (VIOLATED)
u_e203_soc_top/u_e203_subsys_top/u_e203_subsys_main/u_e203_cpu_top/u_e203_cpu/u_e203_itcm_ctrl/u_sram_icb_ctrl/u_byp_icb_cmd_buf/u_bypbuf_fifo/dp_gt0_fifo_rf_0__fifo_rf_dffl/qout_r_reg_81_/D    -0.44 (VIOLATED)
u_e203_soc_top/u_e203_subsys_top/u_e203_subsys_main/u_e203_cpu_top/u_e203_cpu/u_e203_itcm_ctrl/u_sram_icb_ctrl/u_byp_icb_cmd_buf/u_bypbuf_fifo/dp_gt0_fifo_rf_0__fifo_rf_dffl/qout_r_reg_78_/D    -0.44 (VIOLATED)
u_e203_soc_top/u_e203_subsys_top/u_e203_subsys_main/u_e203_cpu_top/u_e203_cpu/u_e203_itcm_ctrl/u_sram_icb_ctrl/u_byp_icb_cmd_buf/u_bypbuf_fifo/dp_gt0_fifo_rf_0__fifo_rf_dffl/qout_r_reg_75_/D    -0.44 (VIOLATED)
u_e203_soc_top/u_e203_subsys_top/u_e203_subsys_main/u_e203_cpu_top/u_e203_cpu/u_e203_itcm_ctrl/u_sram_icb_ctrl/u_byp_icb_cmd_buf/u_bypbuf_fifo/dp_gt0_fifo_rf_0__fifo_rf_dffl/qout_r_reg_16_/D    -0.44 (VIOLATED)
u_e203_soc_top/u_e203_subsys_top/u_e203_subsys_main/u_e203_cpu_top/u_e203_cpu/u_e203_itcm_ctrl/u_sram_icb_ctrl/u_byp_icb_cmd_buf/u_bypbuf_fifo/dp_gt0_fifo_rf_0__fifo_rf_dffl/qout_r_reg_17_/D    -0.44 (VIOLATED)
u_e203_soc_top/u_e203_subsys_top/u_e203_subsys_main/u_e203_cpu_top/u_e203_cpu/u_e203_itcm_ctrl/u_sram_icb_ctrl/u_byp_icb_cmd_buf/u_bypbuf_fifo/dp_gt0_fifo_rf_0__fifo_rf_dffl/qout_r_reg_18_/D    -0.44 (VIOLATED)
u_e203_soc_top/u_e203_subsys_top/u_e203_subsys_main/u_e203_cpu_top/u_e203_cpu/u_e203_itcm_ctrl/u_sram_icb_ctrl/u_byp_icb_cmd_buf/u_bypbuf_fifo/dp_gt0_fifo_rf_0__fifo_rf_dffl/qout_r_reg_19_/D    -0.44 (VIOLATED)
u_e203_soc_top/u_e203_subsys_top/u_e203_subsys_main/u_e203_cpu_top/u_e203_cpu/u_e203_itcm_ctrl/u_sram_icb_ctrl/u_byp_icb_cmd_buf/u_bypbuf_fifo/dp_gt0_fifo_rf_0__fifo_rf_dffl/qout_r_reg_36_/D    -0.44 (VIOLATED)
u_e203_soc_top/u_e203_subsys_top/u_e203_subsys_main/u_e203_cpu_top/u_e203_cpu/u_e203_itcm_ctrl/u_sram_icb_ctrl/u_byp_icb_cmd_buf/u_bypbuf_fifo/dp_gt0_fifo_rf_0__fifo_rf_dffl/qout_r_reg_39_/D    -0.44 (VIOLATED)
u_e203_soc_top/u_e203_subsys_top/u_e203_subsys_main/u_e203_cpu_top/u_e203_cpu/u_e203_itcm_ctrl/u_sram_icb_ctrl/u_byp_icb_cmd_buf/u_bypbuf_fifo/dp_gt0_fifo_rf_0__fifo_rf_dffl/qout_r_reg_42_/D    -0.44 (VIOLATED)
u_e203_soc_top/u_e203_subsys_top/u_e203_subsys_main/u_e203_cpu_top/u_e203_cpu/u_e203_itcm_ctrl/u_sram_icb_ctrl/u_byp_icb_cmd_buf/u_bypbuf_fifo/dp_gt0_fifo_rf_0__fifo_rf_dffl/qout_r_reg_43_/D    -0.44 (VIOLATED)
u_e203_soc_top/u_e203_subsys_top/u_e203_subsys_main/u_e203_cpu_top/u_e203_cpu/u_e203_itcm_ctrl/u_sram_icb_ctrl/u_byp_icb_cmd_buf/u_bypbuf_fifo/dp_gt0_fifo_rf_0__fifo_rf_dffl/qout_r_reg_44_/D    -0.44 (VIOLATED)
u_e203_soc_top/u_e203_subsys_top/u_e203_subsys_main/u_e203_cpu_top/u_e203_cpu/u_e203_itcm_ctrl/u_sram_icb_ctrl/u_byp_icb_cmd_buf/u_bypbuf_fifo/dp_gt0_fifo_rf_0__fifo_rf_dffl/qout_r_reg_63_/D    -0.44 (VIOLATED)
u_e203_soc_top/u_e203_subsys_top/u_e203_subsys_main/u_e203_cpu_top/u_e203_cpu/u_e203_core/u_e203_biu/u_sirv_gnrl_icb_buffer/u_sirv_gnrl_cmd_fifo/dp_gt0_vec_31_dfflr/qout_r_reg_0_/D    -0.44 (VIOLATED)
u_e203_soc_top/u_e203_subsys_top/u_e203_subsys_main/u_e203_cpu_top/u_e203_cpu/u_e203_core/u_e203_ifu/u_e203_ifu_ift2icb/u_e203_ifetch_rsp_bypbuf/u_bypbuf_fifo/dp_gt0_fifo_rf_0__fifo_rf_dffl/qout_r_reg_1_/D    -0.43 (VIOLATED)
u_e203_soc_top/u_e203_subsys_top/u_e203_subsys_main/u_e203_cpu_top/u_e203_cpu/u_e203_core/u_e203_ifu/u_e203_ifu_ift2icb/u_e203_ifetch_rsp_bypbuf/u_bypbuf_fifo/dp_gt0_fifo_rf_0__fifo_rf_dffl/qout_r_reg_16_/D    -0.43 (VIOLATED)
u_e203_soc_top/u_e203_subsys_top/u_e203_subsys_main/u_e203_cpu_top/u_e203_cpu/u_e203_core/u_e203_ifu/u_e203_ifu_ift2icb/u_e203_ifetch_rsp_bypbuf/u_bypbuf_fifo/dp_gt0_fifo_rf_0__fifo_rf_dffl/qout_r_reg_19_/D    -0.43 (VIOLATED)
u_e203_soc_top/u_e203_subsys_top/u_e203_subsys_main/u_e203_cpu_top/u_e203_cpu/u_e203_core/u_e203_ifu/u_e203_ifu_ift2icb/u_e203_ifetch_rsp_bypbuf/u_bypbuf_fifo/dp_gt0_fifo_rf_0__fifo_rf_dffl/qout_r_reg_21_/D    -0.43 (VIOLATED)
u_e203_soc_top/u_e203_subsys_top/u_e203_subsys_main/u_e203_cpu_top/u_e203_cpu/u_e203_core/u_e203_ifu/u_e203_ifu_ift2icb/u_e203_ifetch_rsp_bypbuf/u_bypbuf_fifo/dp_gt0_fifo_rf_0__fifo_rf_dffl/qout_r_reg_22_/D    -0.43 (VIOLATED)
u_e203_soc_top/u_e203_subsys_top/u_e203_subsys_main/u_e203_cpu_top/u_e203_cpu/u_e203_core/u_e203_ifu/u_e203_ifu_ift2icb/u_e203_ifetch_rsp_bypbuf/u_bypbuf_fifo/dp_gt0_fifo_rf_0__fifo_rf_dffl/qout_r_reg_26_/D    -0.43 (VIOLATED)
u_e203_soc_top/u_e203_subsys_top/u_e203_subsys_main/u_e203_cpu_top/u_e203_cpu/u_e203_core/u_e203_ifu/u_e203_ifu_ift2icb/u_e203_ifetch_rsp_bypbuf/u_bypbuf_fifo/dp_gt0_fifo_rf_0__fifo_rf_dffl/qout_r_reg_3_/D    -0.43 (VIOLATED)
u_e203_soc_top/u_e203_subsys_top/u_e203_subsys_main/u_e203_cpu_top/u_e203_cpu/u_e203_core/u_e203_ifu/u_e203_ifu_ift2icb/u_e203_ifetch_rsp_bypbuf/u_bypbuf_fifo/dp_gt0_fifo_rf_0__fifo_rf_dffl/qout_r_reg_20_/D    -0.43 (VIOLATED)
u_e203_soc_top/u_e203_subsys_top/u_e203_subsys_main/u_e203_cpu_top/u_e203_cpu/u_e203_core/u_e203_ifu/u_e203_ifu_ift2icb/u_e203_ifetch_rsp_bypbuf/u_bypbuf_fifo/dp_gt0_fifo_rf_0__fifo_rf_dffl/qout_r_reg_17_/D    -0.43 (VIOLATED)
u_e203_soc_top/u_e203_subsys_top/u_e203_subsys_main/u_e203_cpu_top/u_e203_cpu/u_e203_core/u_e203_ifu/u_e203_ifu_ift2icb/u_e203_ifetch_rsp_bypbuf/u_bypbuf_fifo/dp_gt0_fifo_rf_0__fifo_rf_dffl/qout_r_reg_18_/D    -0.43 (VIOLATED)
u_e203_soc_top/u_e203_subsys_top/u_e203_subsys_main/u_e203_cpu_top/u_e203_cpu/u_e203_core/u_e203_ifu/u_e203_ifu_ift2icb/u_e203_ifetch_rsp_bypbuf/u_bypbuf_fifo/dp_gt0_fifo_rf_0__fifo_rf_dffl/qout_r_reg_23_/D    -0.43 (VIOLATED)
u_e203_soc_top/u_e203_subsys_top/u_e203_subsys_main/u_e203_cpu_top/u_e203_cpu/u_e203_core/u_e203_ifu/u_e203_ifu_ift2icb/u_e203_ifetch_rsp_bypbuf/u_bypbuf_fifo/dp_gt0_fifo_rf_0__fifo_rf_dffl/qout_r_reg_24_/D    -0.43 (VIOLATED)
u_e203_soc_top/u_e203_subsys_top/u_e203_subsys_main/u_e203_cpu_top/u_e203_cpu/u_e203_core/u_e203_ifu/u_e203_ifu_ift2icb/u_e203_ifetch_rsp_bypbuf/u_bypbuf_fifo/dp_gt0_fifo_rf_0__fifo_rf_dffl/qout_r_reg_25_/D    -0.43 (VIOLATED)
u_e203_soc_top/u_e203_subsys_top/u_e203_subsys_main/u_e203_cpu_top/u_e203_cpu/u_e203_core/u_e203_ifu/u_e203_ifu_ift2icb/u_e203_ifetch_rsp_bypbuf/u_bypbuf_fifo/dp_gt0_fifo_rf_0__fifo_rf_dffl/qout_r_reg_27_/D    -0.43 (VIOLATED)
u_e203_soc_top/u_e203_subsys_top/u_e203_subsys_main/u_e203_cpu_top/u_e203_cpu/u_e203_itcm_ctrl/u_sram_icb_ctrl/u_sirv_1cyc_sram_ctrl/u_e1_stage/dp_gt_0_vld_dfflr/qout_r_reg_0_/D    -0.43 (VIOLATED)
u_e203_soc_top/u_e203_subsys_top/u_e203_subsys_main/u_e203_cpu_top/u_e203_cpu/u_e203_core/u_e203_biu/u_sirv_gnrl_icb_buffer/u_sirv_gnrl_cmd_fifo/dp_gt0_fifo_rf_0__fifo_rf_dffl/qout_r_reg_68_/D    -0.43 (VIOLATED)
u_e203_soc_top/u_e203_subsys_top/u_e203_subsys_main/u_e203_cpu_top/u_e203_cpu/u_e203_core/u_e203_biu/u_sirv_gnrl_icb_buffer/u_sirv_gnrl_cmd_fifo/dp_gt0_fifo_rf_0__fifo_rf_dffl/qout_r_reg_69_/D    -0.43 (VIOLATED)
u_e203_soc_top/u_e203_subsys_top/u_e203_subsys_main/u_e203_cpu_top/u_e203_cpu/u_e203_core/u_e203_biu/u_sirv_gnrl_icb_buffer/u_sirv_gnrl_cmd_fifo/dp_gt0_fifo_rf_0__fifo_rf_dffl/qout_r_reg_70_/D    -0.43 (VIOLATED)
u_e203_soc_top/u_e203_subsys_top/u_e203_subsys_main/u_e203_cpu_top/u_e203_cpu/u_e203_core/u_e203_biu/u_sirv_gnrl_icb_buffer/u_sirv_gnrl_cmd_fifo/dp_gt0_fifo_rf_0__fifo_rf_dffl/qout_r_reg_73_/D    -0.43 (VIOLATED)
u_e203_soc_top/u_e203_subsys_top/u_e203_subsys_main/u_e203_cpu_top/u_e203_cpu/u_e203_core/u_e203_biu/u_sirv_gnrl_icb_buffer/u_sirv_gnrl_cmd_fifo/dp_gt0_fifo_rf_0__fifo_rf_dffl/qout_r_reg_75_/D    -0.43 (VIOLATED)
u_e203_soc_top/u_e203_subsys_top/u_e203_subsys_main/u_e203_cpu_top/u_e203_cpu/u_e203_core/u_e203_ifu/u_e203_ifu_ift2icb/icb_state_dfflr/qout_r_reg_0_/D    -0.43 (VIOLATED)
u_e203_soc_top/u_e203_subsys_top/u_e203_subsys_main/u_e203_cpu_top/u_e203_cpu/u_e203_core/u_e203_biu/u_sirv_gnrl_icb_buffer/u_sirv_gnrl_cmd_fifo/dp_gt0_fifo_rf_0__fifo_rf_dffl/qout_r_reg_0_/D    -0.42 (VIOLATED)
u_e203_soc_top/u_e203_subsys_top/u_e203_subsys_main/u_e203_cpu_top/u_e203_cpu/u_e203_core/u_e203_biu/u_sirv_gnrl_icb_buffer/u_sirv_gnrl_cmd_fifo/dp_gt0_fifo_rf_0__fifo_rf_dffl/qout_r_reg_59_/D    -0.42 (VIOLATED)
u_e203_soc_top/u_e203_subsys_top/u_e203_subsys_main/u_e203_cpu_top/u_e203_cpu/u_e203_core/u_e203_biu/u_sirv_gnrl_icb_buffer/u_sirv_gnrl_cmd_fifo/dp_gt0_fifo_rf_0__fifo_rf_dffl/qout_r_reg_60_/D    -0.42 (VIOLATED)
u_e203_soc_top/u_e203_subsys_top/u_e203_subsys_main/u_e203_cpu_top/u_e203_cpu/u_e203_core/u_e203_biu/u_sirv_gnrl_icb_buffer/u_sirv_gnrl_cmd_fifo/dp_gt0_fifo_rf_0__fifo_rf_dffl/qout_r_reg_47_/D    -0.42 (VIOLATED)
u_e203_soc_top/u_e203_subsys_top/u_e203_subsys_main/u_e203_cpu_top/u_e203_cpu/u_e203_core/u_e203_biu/u_sirv_gnrl_icb_buffer/u_sirv_gnrl_cmd_fifo/dp_gt0_fifo_rf_0__fifo_rf_dffl/qout_r_reg_51_/D    -0.42 (VIOLATED)
u_e203_soc_top/u_e203_subsys_top/u_e203_subsys_main/u_e203_cpu_top/u_e203_cpu/u_e203_core/u_e203_biu/u_sirv_gnrl_icb_buffer/u_sirv_gnrl_cmd_fifo/dp_gt0_fifo_rf_0__fifo_rf_dffl/qout_r_reg_52_/D    -0.42 (VIOLATED)
u_e203_soc_top/u_e203_subsys_top/u_e203_subsys_main/u_e203_cpu_top/u_e203_cpu/u_e203_core/u_e203_biu/u_sirv_gnrl_icb_buffer/u_sirv_gnrl_cmd_fifo/dp_gt0_fifo_rf_0__fifo_rf_dffl/qout_r_reg_55_/D    -0.42 (VIOLATED)
u_e203_soc_top/u_e203_subsys_top/u_e203_subsys_main/u_e203_cpu_top/u_e203_cpu/u_e203_core/u_e203_biu/u_sirv_gnrl_icb_buffer/u_sirv_gnrl_cmd_fifo/dp_gt0_fifo_rf_0__fifo_rf_dffl/qout_r_reg_9_/D    -0.42 (VIOLATED)
u_e203_soc_top/u_e203_subsys_top/u_e203_subsys_main/u_e203_cpu_top/u_e203_cpu/u_e203_core/u_e203_biu/u_sirv_gnrl_icb_buffer/u_sirv_gnrl_cmd_fifo/dp_gt0_fifo_rf_0__fifo_rf_dffl/qout_r_reg_10_/D    -0.42 (VIOLATED)
u_e203_soc_top/u_e203_subsys_top/u_e203_subsys_main/u_e203_cpu_top/u_e203_cpu/u_e203_core/u_e203_biu/u_sirv_gnrl_icb_buffer/u_sirv_gnrl_cmd_fifo/dp_gt0_fifo_rf_0__fifo_rf_dffl/qout_r_reg_11_/D    -0.42 (VIOLATED)
u_e203_soc_top/u_e203_subsys_top/u_e203_subsys_main/u_e203_cpu_top/u_e203_cpu/u_e203_core/u_e203_biu/u_sirv_gnrl_icb_buffer/u_sirv_gnrl_cmd_fifo/dp_gt0_fifo_rf_0__fifo_rf_dffl/qout_r_reg_12_/D    -0.42 (VIOLATED)
u_e203_soc_top/u_e203_subsys_top/u_e203_subsys_main/u_e203_cpu_top/u_e203_cpu/u_e203_core/u_e203_biu/u_sirv_gnrl_icb_buffer/u_sirv_gnrl_cmd_fifo/dp_gt0_fifo_rf_0__fifo_rf_dffl/qout_r_reg_19_/D    -0.42 (VIOLATED)
u_e203_soc_top/u_e203_subsys_top/u_e203_subsys_main/u_e203_cpu_top/u_e203_cpu/u_e203_core/u_e203_biu/u_sirv_gnrl_icb_buffer/u_sirv_gnrl_cmd_fifo/dp_gt0_fifo_rf_0__fifo_rf_dffl/qout_r_reg_20_/D    -0.42 (VIOLATED)
u_e203_soc_top/u_e203_subsys_top/u_e203_subsys_main/u_e203_cpu_top/u_e203_cpu/u_e203_core/u_e203_biu/u_sirv_gnrl_icb_buffer/u_sirv_gnrl_cmd_fifo/dp_gt0_fifo_rf_0__fifo_rf_dffl/qout_r_reg_21_/D    -0.42 (VIOLATED)
u_e203_soc_top/u_e203_subsys_top/u_e203_subsys_main/u_e203_cpu_top/u_e203_cpu/u_e203_core/u_e203_biu/u_sirv_gnrl_icb_buffer/u_sirv_gnrl_cmd_fifo/dp_gt0_fifo_rf_0__fifo_rf_dffl/qout_r_reg_22_/D    -0.42 (VIOLATED)
u_e203_soc_top/u_e203_subsys_top/u_e203_subsys_main/u_e203_cpu_top/u_e203_cpu/u_e203_core/u_e203_biu/u_sirv_gnrl_icb_buffer/u_sirv_gnrl_cmd_fifo/dp_gt0_fifo_rf_0__fifo_rf_dffl/qout_r_reg_23_/D    -0.42 (VIOLATED)
u_e203_soc_top/u_e203_subsys_top/u_e203_subsys_main/u_e203_cpu_top/u_e203_cpu/u_e203_core/u_e203_biu/u_sirv_gnrl_icb_buffer/u_sirv_gnrl_cmd_fifo/dp_gt0_fifo_rf_0__fifo_rf_dffl/qout_r_reg_24_/D    -0.42 (VIOLATED)
u_e203_soc_top/u_e203_subsys_top/u_e203_subsys_main/u_e203_cpu_top/u_e203_cpu/u_e203_core/u_e203_biu/u_sirv_gnrl_icb_buffer/u_sirv_gnrl_cmd_fifo/dp_gt0_fifo_rf_0__fifo_rf_dffl/qout_r_reg_25_/D    -0.42 (VIOLATED)
u_e203_soc_top/u_e203_subsys_top/u_e203_subsys_main/u_e203_cpu_top/u_e203_cpu/u_e203_core/u_e203_biu/u_sirv_gnrl_icb_buffer/u_sirv_gnrl_cmd_fifo/dp_gt0_fifo_rf_0__fifo_rf_dffl/qout_r_reg_26_/D    -0.42 (VIOLATED)
u_e203_soc_top/u_e203_subsys_top/u_e203_subsys_main/u_e203_cpu_top/u_e203_cpu/u_e203_core/u_e203_biu/u_sirv_gnrl_icb_buffer/u_sirv_gnrl_cmd_fifo/dp_gt0_fifo_rf_0__fifo_rf_dffl/qout_r_reg_27_/D    -0.42 (VIOLATED)
u_e203_soc_top/u_e203_subsys_top/u_e203_subsys_main/u_e203_cpu_top/u_e203_cpu/u_e203_core/u_e203_biu/u_sirv_gnrl_icb_buffer/u_sirv_gnrl_cmd_fifo/dp_gt0_fifo_rf_0__fifo_rf_dffl/qout_r_reg_28_/D    -0.42 (VIOLATED)
u_e203_soc_top/u_e203_subsys_top/u_e203_subsys_main/u_e203_cpu_top/u_e203_cpu/u_e203_core/u_e203_biu/u_sirv_gnrl_icb_buffer/u_sirv_gnrl_cmd_fifo/dp_gt0_fifo_rf_0__fifo_rf_dffl/qout_r_reg_29_/D    -0.42 (VIOLATED)
u_e203_soc_top/u_e203_subsys_top/u_e203_subsys_main/u_e203_cpu_top/u_e203_cpu/u_e203_core/u_e203_biu/u_sirv_gnrl_icb_buffer/u_sirv_gnrl_cmd_fifo/dp_gt0_fifo_rf_0__fifo_rf_dffl/qout_r_reg_30_/D    -0.42 (VIOLATED)
u_e203_soc_top/u_e203_subsys_top/u_e203_subsys_main/u_e203_cpu_top/u_e203_cpu/u_e203_core/u_e203_biu/u_sirv_gnrl_icb_buffer/u_sirv_gnrl_cmd_fifo/dp_gt0_fifo_rf_0__fifo_rf_dffl/qout_r_reg_31_/D    -0.42 (VIOLATED)
u_e203_soc_top/u_e203_subsys_top/u_e203_subsys_main/u_e203_cpu_top/u_e203_cpu/u_e203_core/u_e203_biu/u_sirv_gnrl_icb_buffer/u_sirv_gnrl_cmd_fifo/dp_gt0_fifo_rf_0__fifo_rf_dffl/qout_r_reg_32_/D    -0.42 (VIOLATED)
u_e203_soc_top/u_e203_subsys_top/u_e203_subsys_main/u_e203_cpu_top/u_e203_cpu/u_e203_core/u_e203_biu/u_sirv_gnrl_icb_buffer/u_sirv_gnrl_cmd_fifo/dp_gt0_fifo_rf_0__fifo_rf_dffl/qout_r_reg_38_/D    -0.42 (VIOLATED)
u_e203_soc_top/u_e203_subsys_top/u_e203_subsys_main/u_e203_cpu_top/u_e203_cpu/u_e203_core/u_e203_biu/u_sirv_gnrl_icb_buffer/u_sirv_gnrl_cmd_fifo/dp_gt0_fifo_rf_0__fifo_rf_dffl/qout_r_reg_46_/D    -0.42 (VIOLATED)
u_e203_soc_top/u_e203_subsys_top/u_e203_subsys_main/u_e203_cpu_top/u_e203_cpu/u_e203_core/u_e203_biu/u_sirv_gnrl_icb_buffer/u_sirv_gnrl_cmd_fifo/dp_gt0_fifo_rf_0__fifo_rf_dffl/qout_r_reg_49_/D    -0.42 (VIOLATED)
u_e203_soc_top/u_e203_subsys_top/u_e203_subsys_main/u_e203_cpu_top/u_e203_cpu/u_e203_core/u_e203_biu/u_sirv_gnrl_icb_buffer/u_sirv_gnrl_cmd_fifo/dp_gt0_fifo_rf_0__fifo_rf_dffl/qout_r_reg_50_/D    -0.42 (VIOLATED)
u_e203_soc_top/u_e203_subsys_top/u_e203_subsys_main/u_e203_cpu_top/u_e203_cpu/u_e203_core/u_e203_biu/u_sirv_gnrl_icb_buffer/u_sirv_gnrl_cmd_fifo/dp_gt0_fifo_rf_0__fifo_rf_dffl/qout_r_reg_53_/D    -0.42 (VIOLATED)
u_e203_soc_top/u_e203_subsys_top/u_e203_subsys_main/u_e203_cpu_top/u_e203_cpu/u_e203_core/u_e203_biu/u_sirv_gnrl_icb_buffer/u_sirv_gnrl_cmd_fifo/dp_gt0_fifo_rf_0__fifo_rf_dffl/qout_r_reg_57_/D    -0.42 (VIOLATED)
u_e203_soc_top/u_e203_subsys_top/u_e203_subsys_main/u_e203_cpu_top/u_e203_cpu/u_e203_core/u_e203_biu/u_sirv_gnrl_icb_buffer/u_sirv_gnrl_cmd_fifo/dp_gt0_fifo_rf_0__fifo_rf_dffl/qout_r_reg_58_/D    -0.42 (VIOLATED)
u_e203_soc_top/u_e203_subsys_top/u_e203_subsys_main/u_e203_cpu_top/u_e203_cpu/u_e203_core/u_e203_biu/u_sirv_gnrl_icb_buffer/u_sirv_gnrl_cmd_fifo/dp_gt0_fifo_rf_0__fifo_rf_dffl/qout_r_reg_13_/D    -0.42 (VIOLATED)
u_e203_soc_top/u_e203_subsys_top/u_e203_subsys_main/u_e203_cpu_top/u_e203_cpu/u_e203_core/u_e203_biu/u_sirv_gnrl_icb_buffer/u_sirv_gnrl_cmd_fifo/dp_gt0_fifo_rf_0__fifo_rf_dffl/qout_r_reg_14_/D    -0.42 (VIOLATED)
u_e203_soc_top/u_e203_subsys_top/u_e203_subsys_main/u_e203_cpu_top/u_e203_cpu/u_e203_core/u_e203_biu/u_sirv_gnrl_icb_buffer/u_sirv_gnrl_cmd_fifo/dp_gt0_fifo_rf_0__fifo_rf_dffl/qout_r_reg_15_/D    -0.42 (VIOLATED)
u_e203_soc_top/u_e203_subsys_top/u_e203_subsys_main/u_e203_cpu_top/u_e203_cpu/u_e203_core/u_e203_biu/u_sirv_gnrl_icb_buffer/u_sirv_gnrl_cmd_fifo/dp_gt0_fifo_rf_0__fifo_rf_dffl/qout_r_reg_16_/D    -0.42 (VIOLATED)
u_e203_soc_top/u_e203_subsys_top/u_e203_subsys_main/u_e203_cpu_top/u_e203_cpu/u_e203_core/u_e203_biu/u_sirv_gnrl_icb_buffer/u_sirv_gnrl_cmd_fifo/dp_gt0_fifo_rf_0__fifo_rf_dffl/qout_r_reg_17_/D    -0.42 (VIOLATED)
u_e203_soc_top/u_e203_subsys_top/u_e203_subsys_main/u_e203_cpu_top/u_e203_cpu/u_e203_core/u_e203_biu/u_sirv_gnrl_icb_buffer/u_sirv_gnrl_cmd_fifo/dp_gt0_fifo_rf_0__fifo_rf_dffl/qout_r_reg_18_/D    -0.42 (VIOLATED)
u_e203_soc_top/u_e203_subsys_top/u_e203_subsys_main/u_e203_cpu_top/u_e203_cpu/u_e203_core/u_e203_biu/u_sirv_gnrl_icb_buffer/u_sirv_gnrl_cmd_fifo/dp_gt0_fifo_rf_0__fifo_rf_dffl/qout_r_reg_37_/D    -0.42 (VIOLATED)
u_e203_soc_top/u_e203_subsys_top/u_e203_subsys_main/u_e203_cpu_top/u_e203_cpu/u_e203_core/u_e203_biu/u_sirv_gnrl_icb_buffer/u_sirv_gnrl_cmd_fifo/dp_gt0_fifo_rf_0__fifo_rf_dffl/qout_r_reg_39_/D    -0.42 (VIOLATED)
u_e203_soc_top/u_e203_subsys_top/u_e203_subsys_main/u_e203_cpu_top/u_e203_cpu/u_e203_core/u_e203_biu/u_sirv_gnrl_icb_buffer/u_sirv_gnrl_cmd_fifo/dp_gt0_fifo_rf_0__fifo_rf_dffl/qout_r_reg_40_/D    -0.42 (VIOLATED)
u_e203_soc_top/u_e203_subsys_top/u_e203_subsys_main/u_e203_cpu_top/u_e203_cpu/u_e203_core/u_e203_biu/u_sirv_gnrl_icb_buffer/u_sirv_gnrl_cmd_fifo/dp_gt0_fifo_rf_0__fifo_rf_dffl/qout_r_reg_41_/D    -0.42 (VIOLATED)
u_e203_soc_top/u_e203_subsys_top/u_e203_subsys_main/u_e203_cpu_top/u_e203_cpu/u_e203_core/u_e203_biu/u_sirv_gnrl_icb_buffer/u_sirv_gnrl_cmd_fifo/dp_gt0_fifo_rf_0__fifo_rf_dffl/qout_r_reg_42_/D    -0.42 (VIOLATED)
u_e203_soc_top/u_e203_subsys_top/u_e203_subsys_main/u_e203_cpu_top/u_e203_cpu/u_e203_core/u_e203_biu/u_sirv_gnrl_icb_buffer/u_sirv_gnrl_cmd_fifo/dp_gt0_fifo_rf_0__fifo_rf_dffl/qout_r_reg_43_/D    -0.42 (VIOLATED)
u_e203_soc_top/u_e203_subsys_top/u_e203_subsys_main/u_e203_cpu_top/u_e203_cpu/u_e203_core/u_e203_biu/u_sirv_gnrl_icb_buffer/u_sirv_gnrl_cmd_fifo/dp_gt0_fifo_rf_0__fifo_rf_dffl/qout_r_reg_44_/D    -0.42 (VIOLATED)
u_e203_soc_top/u_e203_subsys_top/u_e203_subsys_main/u_e203_cpu_top/u_e203_cpu/u_e203_core/u_e203_biu/u_sirv_gnrl_icb_buffer/u_sirv_gnrl_cmd_fifo/dp_gt0_fifo_rf_0__fifo_rf_dffl/qout_r_reg_45_/D    -0.42 (VIOLATED)
u_e203_soc_top/u_e203_subsys_top/u_e203_subsys_main/u_e203_cpu_top/u_e203_cpu/u_e203_core/u_e203_biu/u_sirv_gnrl_icb_buffer/u_sirv_gnrl_cmd_fifo/dp_gt0_fifo_rf_0__fifo_rf_dffl/qout_r_reg_71_/D    -0.42 (VIOLATED)
u_e203_soc_top/u_e203_subsys_top/u_e203_subsys_main/u_e203_cpu_top/u_e203_cpu/u_e203_core/u_e203_biu/u_sirv_gnrl_icb_buffer/u_sirv_gnrl_cmd_fifo/dp_gt0_fifo_rf_0__fifo_rf_dffl/qout_r_reg_72_/D    -0.42 (VIOLATED)
u_e203_soc_top/u_e203_subsys_top/u_e203_subsys_main/u_e203_cpu_top/u_e203_cpu/u_e203_core/u_e203_biu/u_sirv_gnrl_icb_buffer/u_sirv_gnrl_cmd_fifo/dp_gt0_fifo_rf_0__fifo_rf_dffl/qout_r_reg_74_/D    -0.42 (VIOLATED)
u_e203_soc_top/u_e203_subsys_top/u_e203_subsys_main/u_e203_cpu_top/u_e203_cpu/u_e203_core/u_e203_biu/u_sirv_gnrl_icb_buffer/u_sirv_gnrl_cmd_fifo/dp_gt0_fifo_rf_0__fifo_rf_dffl/qout_r_reg_76_/D    -0.42 (VIOLATED)
u_e203_soc_top/u_e203_subsys_top/u_e203_subsys_main/u_e203_cpu_top/u_e203_cpu/u_e203_core/u_e203_biu/u_sirv_gnrl_icb_buffer/u_sirv_gnrl_cmd_fifo/dp_gt0_fifo_rf_0__fifo_rf_dffl/qout_r_reg_48_/D    -0.42 (VIOLATED)
u_e203_soc_top/u_e203_subsys_top/u_e203_subsys_main/u_e203_cpu_top/u_e203_cpu/u_e203_core/u_e203_biu/u_sirv_gnrl_icb_buffer/u_sirv_gnrl_cmd_fifo/dp_gt0_fifo_rf_0__fifo_rf_dffl/qout_r_reg_56_/D    -0.42 (VIOLATED)
u_e203_soc_top/u_e203_subsys_top/u_e203_subsys_main/u_e203_cpu_top/u_e203_cpu/u_e203_core/u_e203_biu/u_sirv_gnrl_icb_buffer/u_sirv_gnrl_cmd_fifo/dp_gt0_fifo_rf_0__fifo_rf_dffl/qout_r_reg_6_/D    -0.42 (VIOLATED)
u_e203_soc_top/u_e203_subsys_top/u_e203_subsys_main/u_e203_cpu_top/u_e203_cpu/u_e203_core/u_e203_biu/u_sirv_gnrl_icb_buffer/u_sirv_gnrl_cmd_fifo/dp_gt0_fifo_rf_0__fifo_rf_dffl/qout_r_reg_77_/D    -0.42 (VIOLATED)
u_e203_soc_top/u_e203_subsys_top/u_e203_subsys_main/u_e203_cpu_top/u_e203_cpu/u_e203_core/u_e203_biu/u_sirv_gnrl_icb_buffer/u_sirv_gnrl_cmd_fifo/dp_gt0_fifo_rf_0__fifo_rf_dffl/qout_r_reg_33_/D    -0.42 (VIOLATED)
u_e203_soc_top/u_e203_subsys_top/u_e203_subsys_main/u_e203_cpu_top/u_e203_cpu/u_e203_core/u_e203_biu/u_sirv_gnrl_icb_buffer/u_sirv_gnrl_cmd_fifo/dp_gt0_fifo_rf_0__fifo_rf_dffl/qout_r_reg_34_/D    -0.42 (VIOLATED)
u_e203_soc_top/u_e203_subsys_top/u_e203_subsys_main/u_e203_cpu_top/u_e203_cpu/u_e203_core/u_e203_biu/u_sirv_gnrl_icb_buffer/u_sirv_gnrl_cmd_fifo/dp_gt0_fifo_rf_0__fifo_rf_dffl/qout_r_reg_35_/D    -0.42 (VIOLATED)
u_e203_soc_top/u_e203_subsys_top/u_e203_subsys_main/u_e203_cpu_top/u_e203_cpu/u_e203_core/u_e203_biu/u_sirv_gnrl_icb_buffer/u_sirv_gnrl_cmd_fifo/dp_gt0_fifo_rf_0__fifo_rf_dffl/qout_r_reg_36_/D    -0.42 (VIOLATED)
u_e203_soc_top/u_e203_subsys_top/u_e203_subsys_main/u_e203_cpu_top/u_e203_cpu/u_e203_core/u_e203_biu/u_sirv_gnrl_icb_buffer/u_sirv_gnrl_cmd_fifo/dp_gt0_fifo_rf_0__fifo_rf_dffl/qout_r_reg_5_/D    -0.42 (VIOLATED)
u_e203_soc_top/u_e203_subsys_top/u_e203_subsys_main/u_e203_cpu_top/u_e203_cpu/u_e203_core/u_e203_biu/u_sirv_gnrl_icb_buffer/u_sirv_gnrl_cmd_fifo/dp_gt0_fifo_rf_0__fifo_rf_dffl/qout_r_reg_7_/D    -0.42 (VIOLATED)
u_e203_soc_top/u_e203_subsys_top/u_e203_subsys_main/u_e203_cpu_top/u_e203_cpu/u_e203_core/u_e203_biu/u_sirv_gnrl_icb_buffer/u_sirv_gnrl_cmd_fifo/dp_gt0_fifo_rf_0__fifo_rf_dffl/qout_r_reg_8_/D    -0.42 (VIOLATED)
u_e203_soc_top/u_e203_subsys_top/u_e203_subsys_main/u_e203_cpu_top/u_e203_cpu/u_e203_core/u_e203_ifu/u_e203_ifu_ift2icb/icb_state_dfflr/qout_r_reg_1_/D    -0.42 (VIOLATED)
u_e203_soc_top/u_e203_subsys_top/u_e203_subsys_main/u_e203_cpu_top/u_e203_cpu/u_e203_core/u_e203_ifu/u_e203_ifu_ifetch/ir_rs1idx_dfflr/qout_r_reg_2_/D    -0.42 (VIOLATED)
u_e203_soc_top/u_e203_subsys_top/u_e203_subsys_main/u_e203_cpu_top/u_e203_cpu/u_e203_core/u_e203_biu/u_sirv_gnrl_icb_buffer/u_sirv_gnrl_cmd_fifo/dp_gt0_fifo_rf_0__fifo_rf_dffl/qout_r_reg_67_/D    -0.42 (VIOLATED)
u_e203_soc_top/u_e203_subsys_top/u_e203_subsys_main/u_e203_cpu_top/u_e203_cpu/u_e203_core/u_e203_biu/u_sirv_gnrl_icb_buffer/u_sirv_gnrl_cmd_fifo/dp_gt0_fifo_rf_0__fifo_rf_dffl/qout_r_reg_66_/D    -0.42 (VIOLATED)
u_e203_soc_top/u_e203_subsys_top/u_e203_subsys_main/u_e203_cpu_top/u_e203_cpu/u_e203_core/u_e203_biu/u_sirv_gnrl_icb_buffer/u_sirv_gnrl_cmd_fifo/dp_gt0_fifo_rf_0__fifo_rf_dffl/qout_r_reg_65_/D    -0.42 (VIOLATED)
u_e203_soc_top/u_e203_subsys_top/u_e203_subsys_main/u_e203_cpu_top/u_e203_cpu/u_e203_core/u_e203_biu/u_sirv_gnrl_icb_buffer/u_sirv_gnrl_cmd_fifo/dp_gt0_fifo_rf_0__fifo_rf_dffl/qout_r_reg_64_/D    -0.42 (VIOLATED)
u_e203_soc_top/u_e203_subsys_top/u_e203_subsys_main/u_e203_cpu_top/u_e203_cpu/u_e203_core/u_e203_ifu/u_e203_ifu_ifetch/ifu_hi_ir_dfflr/qout_r_reg_14_/D    -0.42 (VIOLATED)
u_e203_soc_top/u_e203_subsys_top/u_e203_subsys_main/u_e203_cpu_top/u_e203_cpu/u_e203_core/u_e203_biu/u_biu_icb_arbt/arbt_num_gt_1_gen_dp_1_u_sirv_gnrl_rspid_fifo/dp_gt_0_dat_dfflr/qout_r_reg_0_/D    -0.42 (VIOLATED)
u_e203_soc_top/u_e203_subsys_top/u_e203_subsys_main/u_e203_cpu_top/u_e203_cpu/u_e203_core/u_e203_biu/u_sirv_gnrl_icb_buffer/outs_cnt_dfflr/qout_r_reg_0_/D    -0.41 (VIOLATED)
u_e203_soc_top/u_e203_subsys_top/u_e203_subsys_main/u_e203_cpu_top/u_e203_cpu/u_e203_core/u_e203_ifu/u_e203_ifu_ift2icb/u_e203_ifetch_rsp_bypbuf/u_bypbuf_fifo/dp_gt0_vec_0_dfflrs/qout_r_reg_0_/D    -0.41 (VIOLATED)
u_e203_soc_top/u_e203_subsys_top/u_e203_subsys_main/u_e203_cpu_top/u_e203_cpu/u_e203_itcm_ctrl/u_sram_icb_ctrl/u_byp_icb_cmd_buf/u_bypbuf_fifo/dp_gt0_fifo_rf_0__fifo_rf_dffl/qout_r_reg_4_/D    -0.40 (VIOLATED)
u_e203_soc_top/u_e203_subsys_top/u_e203_subsys_main/u_e203_cpu_top/u_e203_cpu/u_e203_itcm_ctrl/u_sram_icb_ctrl/u_byp_icb_cmd_buf/u_bypbuf_fifo/dp_gt0_fifo_rf_0__fifo_rf_dffl/qout_r_reg_6_/D    -0.40 (VIOLATED)
u_e203_soc_top/u_e203_subsys_top/u_e203_subsys_main/u_e203_cpu_top/u_e203_cpu/u_e203_core/u_e203_ifu/u_e203_ifu_ift2icb/u_e203_ifetch_rsp_bypbuf/u_bypbuf_fifo/dp_gt0_fifo_rf_0__fifo_rf_dffl/qout_r_reg_11_/D    -0.40 (VIOLATED)
u_e203_soc_top/u_e203_subsys_top/u_e203_subsys_main/u_e203_cpu_top/u_e203_cpu/u_e203_core/u_e203_ifu/u_e203_ifu_ift2icb/u_e203_ifetch_rsp_bypbuf/u_bypbuf_fifo/dp_gt0_fifo_rf_0__fifo_rf_dffl/qout_r_reg_8_/D    -0.40 (VIOLATED)
u_e203_soc_top/u_e203_subsys_top/u_e203_subsys_main/u_e203_cpu_top/u_e203_cpu/u_e203_clk_ctrl/itcm_active_dffr/qout_r_reg_0_/D    -0.40 (VIOLATED)
u_e203_soc_top/u_e203_subsys_top/u_e203_subsys_main/u_e203_cpu_top/u_e203_cpu/u_e203_core/u_e203_ifu/u_e203_ifu_ifetch/ir_rs1idx_dfflr/qout_r_reg_3_/D    -0.40 (VIOLATED)
u_e203_soc_top/u_e203_subsys_top/u_e203_subsys_main/u_e203_cpu_top/u_e203_cpu/u_e203_core/u_e203_ifu/u_e203_ifu_ifetch/ir_rs1idx_dfflr/qout_r_reg_4_/D    -0.40 (VIOLATED)
u_e203_soc_top/u_e203_subsys_top/u_e203_subsys_main/u_e203_cpu_top/u_e203_cpu/u_e203_itcm_ctrl/ifu_holdup_dffl/qout_r_reg_0_/D    -0.40 (VIOLATED)
u_e203_soc_top/u_e203_subsys_top/u_e203_subsys_main/u_e203_cpu_top/u_e203_cpu/u_e203_core/u_e203_ifu/u_e203_ifu_ift2icb/u_e203_ifetch_rsp_bypbuf/u_bypbuf_fifo/dp_gt0_vec_31_dfflr/qout_r_reg_0_/D    -0.40 (VIOLATED)
u_e203_soc_top/u_e203_subsys_top/u_e203_subsys_main/u_e203_cpu_top/u_e203_cpu/u_e203_core/u_e203_ifu/u_e203_ifu_ift2icb/u_e203_ifetch_rsp_bypbuf/u_bypbuf_fifo/dp_gt0_fifo_rf_0__fifo_rf_dffl/qout_r_reg_10_/D    -0.40 (VIOLATED)
u_e203_soc_top/u_e203_subsys_top/u_e203_subsys_main/u_e203_cpu_top/u_e203_cpu/u_e203_core/u_e203_ifu/u_e203_ifu_ift2icb/u_e203_ifetch_rsp_bypbuf/u_bypbuf_fifo/dp_gt0_fifo_rf_0__fifo_rf_dffl/qout_r_reg_9_/D    -0.40 (VIOLATED)
u_e203_soc_top/u_e203_subsys_top/u_e203_subsys_main/u_e203_cpu_top/u_e203_cpu/u_e203_core/u_e203_ifu/u_e203_ifu_ift2icb/u_e203_ifetch_rsp_bypbuf/u_bypbuf_fifo/dp_gt0_fifo_rf_0__fifo_rf_dffl/qout_r_reg_2_/D    -0.40 (VIOLATED)
u_e203_soc_top/u_e203_subsys_top/u_e203_subsys_main/u_e203_cpu_top/u_e203_cpu/u_e203_core/u_e203_ifu/u_e203_ifu_ift2icb/u_e203_ifetch_rsp_bypbuf/u_bypbuf_fifo/dp_gt0_fifo_rf_0__fifo_rf_dffl/qout_r_reg_0_/D    -0.40 (VIOLATED)
u_e203_soc_top/u_e203_subsys_top/u_e203_subsys_main/u_e203_cpu_top/u_e203_cpu/u_e203_core/u_e203_ifu/u_e203_ifu_ift2icb/u_e203_ifetch_rsp_bypbuf/u_bypbuf_fifo/dp_gt0_fifo_rf_0__fifo_rf_dffl/qout_r_reg_7_/D    -0.40 (VIOLATED)
u_e203_soc_top/u_e203_subsys_top/u_e203_subsys_main/u_e203_cpu_top/u_e203_cpu/u_e203_core/u_e203_ifu/u_e203_ifu_ift2icb/u_e203_ifetch_rsp_bypbuf/u_bypbuf_fifo/dp_gt0_fifo_rf_0__fifo_rf_dffl/qout_r_reg_15_/D    -0.40 (VIOLATED)
u_e203_soc_top/u_e203_subsys_top/u_e203_subsys_main/u_e203_cpu_top/u_e203_cpu/u_e203_core/u_e203_ifu/u_e203_ifu_ift2icb/u_e203_ifetch_rsp_bypbuf/u_bypbuf_fifo/dp_gt0_fifo_rf_0__fifo_rf_dffl/qout_r_reg_5_/D    -0.40 (VIOLATED)
u_e203_soc_top/u_e203_subsys_top/u_e203_subsys_main/u_e203_cpu_top/u_e203_cpu/u_e203_core/u_e203_ifu/u_e203_ifu_ift2icb/u_e203_ifetch_rsp_bypbuf/u_bypbuf_fifo/dp_gt0_fifo_rf_0__fifo_rf_dffl/qout_r_reg_32_/D    -0.40 (VIOLATED)
u_e203_soc_top/u_e203_subsys_top/u_e203_subsys_main/u_e203_cpu_top/u_e203_cpu/u_e203_core/u_e203_ifu/u_e203_ifu_ift2icb/u_e203_ifetch_rsp_bypbuf/u_bypbuf_fifo/dp_gt0_fifo_rf_0__fifo_rf_dffl/qout_r_reg_12_/D    -0.40 (VIOLATED)
u_e203_soc_top/u_e203_subsys_top/u_e203_subsys_main/u_e203_cpu_top/u_e203_cpu/u_e203_core/u_e203_ifu/u_e203_ifu_ift2icb/u_e203_ifetch_rsp_bypbuf/u_bypbuf_fifo/dp_gt0_fifo_rf_0__fifo_rf_dffl/qout_r_reg_28_/D    -0.40 (VIOLATED)
u_e203_soc_top/u_e203_subsys_top/u_e203_subsys_main/u_e203_cpu_top/u_e203_cpu/u_e203_core/u_e203_ifu/u_e203_ifu_ift2icb/u_e203_ifetch_rsp_bypbuf/u_bypbuf_fifo/dp_gt0_fifo_rf_0__fifo_rf_dffl/qout_r_reg_29_/D    -0.40 (VIOLATED)
u_e203_soc_top/u_e203_subsys_top/u_e203_subsys_main/u_e203_cpu_top/u_e203_cpu/u_e203_core/u_e203_ifu/u_e203_ifu_ift2icb/u_e203_ifetch_rsp_bypbuf/u_bypbuf_fifo/dp_gt0_fifo_rf_0__fifo_rf_dffl/qout_r_reg_30_/D    -0.40 (VIOLATED)
u_e203_soc_top/u_e203_subsys_top/u_e203_subsys_main/u_e203_cpu_top/u_e203_cpu/u_e203_core/u_e203_ifu/u_e203_ifu_ift2icb/u_e203_ifetch_rsp_bypbuf/u_bypbuf_fifo/dp_gt0_fifo_rf_0__fifo_rf_dffl/qout_r_reg_31_/D    -0.40 (VIOLATED)
u_e203_soc_top/u_e203_subsys_top/u_e203_subsys_main/u_e203_cpu_top/u_e203_cpu/u_e203_core/u_e203_ifu/u_e203_ifu_ift2icb/u_e203_ifetch_rsp_bypbuf/u_bypbuf_fifo/dp_gt0_fifo_rf_0__fifo_rf_dffl/qout_r_reg_14_/D    -0.40 (VIOLATED)
u_e203_soc_top/u_e203_subsys_top/u_e203_subsys_main/u_e203_cpu_top/u_e203_cpu/u_e203_core/u_e203_ifu/u_e203_ifu_ift2icb/u_e203_ifetch_rsp_bypbuf/u_bypbuf_fifo/dp_gt0_fifo_rf_0__fifo_rf_dffl/qout_r_reg_4_/D    -0.40 (VIOLATED)
u_e203_soc_top/u_e203_subsys_top/u_e203_subsys_main/u_e203_cpu_top/u_e203_cpu/u_e203_core/u_e203_ifu/u_e203_ifu_ift2icb/u_e203_ifetch_rsp_bypbuf/u_bypbuf_fifo/dp_gt0_fifo_rf_0__fifo_rf_dffl/qout_r_reg_13_/D    -0.40 (VIOLATED)
u_e203_soc_top/u_e203_subsys_top/u_e203_subsys_main/u_e203_cpu_top/u_e203_cpu/u_e203_core/u_e203_ifu/u_e203_ifu_ift2icb/u_e203_ifetch_rsp_bypbuf/u_bypbuf_fifo/dp_gt0_fifo_rf_0__fifo_rf_dffl/qout_r_reg_6_/D    -0.40 (VIOLATED)
u_e203_soc_top/u_e203_subsys_top/u_e203_subsys_main/u_e203_cpu_top/u_e203_cpu/u_e203_core/u_e203_ifu/u_e203_ifu_ifetch/ifu_hi_ir_dfflr/qout_r_reg_13_/D    -0.39 (VIOLATED)
u_e203_soc_top/u_e203_subsys_top/u_e203_subsys_main/u_e203_cpu_top/u_e203_cpu/u_e203_core/u_e203_ifu/u_e203_ifu_ifetch/ifu_hi_ir_dfflr/qout_r_reg_11_/D    -0.39 (VIOLATED)
u_e203_soc_top/u_e203_subsys_top/u_e203_subsys_main/u_e203_cpu_top/u_e203_cpu/u_e203_core/u_e203_biu/u_sirv_gnrl_icb_buffer/u_sirv_gnrl_cmd_fifo/dp_gt0_fifo_rf_0__fifo_rf_dffl/qout_r_reg_61_/D    -0.39 (VIOLATED)
u_e203_soc_top/u_e203_subsys_top/u_e203_subsys_main/u_e203_cpu_top/u_e203_cpu/u_e203_core/u_e203_biu/u_sirv_gnrl_icb_buffer/u_sirv_gnrl_cmd_fifo/dp_gt0_fifo_rf_0__fifo_rf_dffl/qout_r_reg_63_/D    -0.39 (VIOLATED)
u_e203_soc_top/u_e203_subsys_top/u_e203_subsys_main/u_e203_cpu_top/u_e203_cpu/u_e203_core/u_e203_biu/u_sirv_gnrl_icb_buffer/u_sirv_gnrl_cmd_fifo/dp_gt0_fifo_rf_0__fifo_rf_dffl/qout_r_reg_62_/D    -0.39 (VIOLATED)
u_e203_soc_top/u_e203_subsys_top/u_e203_subsys_main/u_e203_cpu_top/u_e203_cpu/u_e203_core/u_e203_ifu/u_e203_ifu_ifetch/ir_rs2idx_dfflr/qout_r_reg_0_/D    -0.39 (VIOLATED)
u_e203_soc_top/u_e203_subsys_top/u_e203_subsys_main/u_e203_cpu_top/u_e203_cpu/u_e203_core/u_e203_ifu/u_e203_ifu_ifetch/ir_rs2idx_dfflr/qout_r_reg_4_/D    -0.39 (VIOLATED)
u_e203_soc_top/u_e203_subsys_top/u_e203_subsys_main/u_e203_cpu_top/u_e203_cpu/u_e203_core/u_e203_ifu/u_e203_ifu_ifetch/ir_rs2idx_dfflr/qout_r_reg_1_/D    -0.39 (VIOLATED)
u_e203_soc_top/u_e203_subsys_top/u_e203_subsys_main/u_e203_cpu_top/u_e203_cpu/u_e203_core/u_e203_ifu/u_e203_ifu_ifetch/ir_rs2idx_dfflr/qout_r_reg_3_/D    -0.39 (VIOLATED)
u_e203_soc_top/u_e203_subsys_top/u_e203_subsys_main/u_e203_cpu_top/u_e203_cpu/u_e203_core/u_e203_ifu/u_e203_ifu_ifetch/ir_rs2idx_dfflr/qout_r_reg_2_/D    -0.39 (VIOLATED)
u_e203_soc_top/u_e203_subsys_top/u_e203_subsys_main/u_e203_cpu_top/u_e203_cpu/u_e203_core/u_e203_biu/u_sirv_gnrl_icb_buffer/u_sirv_gnrl_cmd_fifo/dp_gt0_fifo_rf_0__fifo_rf_dffl/qout_r_reg_54_/D    -0.39 (VIOLATED)
u_e203_soc_top/u_e203_subsys_top/u_e203_subsys_main/u_e203_cpu_top/u_e203_cpu/u_e203_core/u_e203_ifu/u_e203_ifu_ifetch/ifu_hi_ir_dfflr/qout_r_reg_10_/D    -0.39 (VIOLATED)
u_e203_soc_top/u_e203_subsys_top/u_e203_subsys_main/u_e203_cpu_top/u_e203_cpu/u_e203_core/u_e203_ifu/u_e203_ifu_ifetch/ifu_hi_ir_dfflr/qout_r_reg_5_/D    -0.39 (VIOLATED)
u_e203_soc_top/u_e203_subsys_top/u_e203_subsys_main/u_e203_cpu_top/u_e203_cpu/u_e203_core/u_e203_ifu/u_e203_ifu_ifetch/ifu_hi_ir_dfflr/qout_r_reg_8_/D    -0.39 (VIOLATED)
u_e203_soc_top/u_e203_subsys_top/u_e203_subsys_main/u_e203_cpu_top/u_e203_cpu/u_e203_core/u_e203_ifu/u_e203_ifu_ifetch/ifu_hi_ir_dfflr/qout_r_reg_7_/D    -0.39 (VIOLATED)
u_e203_soc_top/u_e203_subsys_top/u_e203_subsys_main/u_e203_cpu_top/u_e203_cpu/u_e203_core/u_e203_ifu/u_e203_ifu_ifetch/ifu_hi_ir_dfflr/qout_r_reg_9_/D    -0.39 (VIOLATED)
u_e203_soc_top/u_e203_subsys_top/u_e203_subsys_main/u_e203_cpu_top/u_e203_cpu/u_e203_core/u_e203_ifu/u_e203_ifu_ifetch/ifu_hi_ir_dfflr/qout_r_reg_3_/D    -0.39 (VIOLATED)
u_e203_soc_top/u_e203_subsys_top/u_e203_subsys_main/u_e203_cpu_top/u_e203_cpu/u_e203_core/u_e203_ifu/u_e203_ifu_ifetch/ifu_hi_ir_dfflr/qout_r_reg_6_/D    -0.39 (VIOLATED)
u_e203_soc_top/u_e203_subsys_top/u_e203_subsys_main/u_e203_cpu_top/u_e203_cpu/u_e203_core/u_e203_ifu/u_e203_ifu_ifetch/ifu_hi_ir_dfflr/qout_r_reg_12_/D    -0.39 (VIOLATED)
u_e203_soc_top/u_e203_subsys_top/u_e203_subsys_main/u_e203_cpu_top/u_e203_cpu/u_e203_core/u_e203_ifu/u_e203_ifu_ifetch/ifu_hi_ir_dfflr/qout_r_reg_2_/D    -0.39 (VIOLATED)
u_e203_soc_top/u_e203_subsys_top/u_e203_subsys_main/u_e203_cpu_top/u_e203_cpu/u_e203_core/u_e203_ifu/u_e203_ifu_ifetch/ifu_hi_ir_dfflr/qout_r_reg_15_/D    -0.39 (VIOLATED)
u_e203_soc_top/u_e203_subsys_top/u_e203_subsys_main/u_e203_cpu_top/u_e203_cpu/u_e203_core/u_e203_ifu/u_e203_ifu_ifetch/ir_valid_dfflr/qout_r_reg_0_/D    -0.39 (VIOLATED)
u_e203_soc_top/u_e203_subsys_top/u_e203_subsys_main/u_e203_cpu_top/u_e203_cpu/u_e203_core/u_e203_ifu/u_e203_ifu_ifetch/ir_rs1idx_dfflr/qout_r_reg_1_/D    -0.39 (VIOLATED)
u_e203_soc_top/u_e203_subsys_top/u_e203_subsys_main/u_e203_cpu_top/u_e203_cpu/u_e203_core/u_e203_ifu/u_e203_ifu_ifetch/ir_rs1idx_dfflr/qout_r_reg_0_/D    -0.39 (VIOLATED)
u_e203_soc_top/u_e203_subsys_top/u_e203_subsys_main/u_e203_cpu_top/u_e203_cpu/u_e203_core/u_e203_ifu/u_e203_ifu_ifetch/ifu_hi_ir_dfflr/qout_r_reg_4_/D    -0.39 (VIOLATED)
u_e203_soc_top/u_e203_subsys_top/u_e203_subsys_main/u_e203_cpu_top/u_e203_cpu/u_e203_core/u_e203_ifu/u_e203_ifu_ifetch/ifu_hi_ir_dfflr/qout_r_reg_1_/D    -0.39 (VIOLATED)
u_e203_soc_top/u_e203_subsys_top/u_e203_subsys_main/u_e203_cpu_top/u_e203_cpu/u_e203_core/u_e203_ifu/u_e203_ifu_ifetch/ifu_hi_ir_dfflr/qout_r_reg_0_/D    -0.39 (VIOLATED)
u_e203_soc_top/u_e203_subsys_top/u_e203_subsys_main/u_e203_cpu_top/u_e203_cpu/u_e203_core/u_e203_ifu/u_e203_ifu_ifetch/ifu_lo_ir_dfflr/qout_r_reg_2_/D    -0.39 (VIOLATED)
u_e203_soc_top/u_e203_subsys_top/u_e203_subsys_main/u_e203_cpu_top/u_e203_cpu/u_e203_core/u_e203_ifu/u_e203_ifu_ifetch/ifu_lo_ir_dfflr/qout_r_reg_11_/D    -0.38 (VIOLATED)
u_e203_soc_top/u_e203_subsys_top/u_e203_subsys_main/u_e203_cpu_top/u_e203_cpu/u_e203_core/u_e203_ifu/u_e203_ifu_ifetch/ifu_lo_ir_dfflr/qout_r_reg_0_/D    -0.38 (VIOLATED)
u_e203_soc_top/u_e203_subsys_top/u_e203_subsys_main/u_e203_cpu_top/u_e203_cpu/u_e203_itcm_ctrl/u_sram_icb_ctrl/u_sirv_1cyc_sram_ctrl/u_e1_stage/dp_gt_0_dat_dfflr/qout_r_reg_0_/D    -0.38 (VIOLATED)
u_e203_soc_top/u_e203_subsys_top/u_e203_subsys_main/u_e203_cpu_top/u_e203_cpu/u_e203_itcm_ctrl/u_sram_icb_ctrl/u_sirv_1cyc_sram_ctrl/u_e1_stage/dp_gt_0_dat_dfflr/qout_r_reg_1_/D    -0.38 (VIOLATED)
u_e203_soc_top/u_e203_subsys_top/u_e203_subsys_main/u_e203_cpu_top/u_e203_cpu/u_e203_core/u_e203_ifu/u_e203_ifu_ifetch/ifu_lo_ir_dfflr/qout_r_reg_8_/D    -0.38 (VIOLATED)
u_e203_soc_top/u_e203_subsys_top/u_e203_subsys_main/u_e203_cpu_top/u_e203_cpu/u_e203_core/u_e203_ifu/u_e203_ifu_ift2icb/leftover_dffl/qout_r_reg_0_/D    -0.38 (VIOLATED)
u_e203_soc_top/u_e203_subsys_top/u_e203_subsys_main/u_e203_cpu_top/u_e203_cpu/u_e203_core/u_e203_ifu/u_e203_ifu_ift2icb/leftover_dffl/qout_r_reg_1_/D    -0.38 (VIOLATED)
u_e203_soc_top/u_e203_subsys_top/u_e203_subsys_main/u_e203_cpu_top/u_e203_cpu/u_e203_core/u_e203_ifu/u_e203_ifu_ift2icb/leftover_dffl/qout_r_reg_2_/D    -0.38 (VIOLATED)
u_e203_soc_top/u_e203_subsys_top/u_e203_subsys_main/u_e203_cpu_top/u_e203_cpu/u_e203_core/u_e203_ifu/u_e203_ifu_ift2icb/leftover_dffl/qout_r_reg_3_/D    -0.38 (VIOLATED)
u_e203_soc_top/u_e203_subsys_top/u_e203_subsys_main/u_e203_cpu_top/u_e203_cpu/u_e203_core/u_e203_ifu/u_e203_ifu_ift2icb/leftover_dffl/qout_r_reg_4_/D    -0.38 (VIOLATED)
u_e203_soc_top/u_e203_subsys_top/u_e203_subsys_main/u_e203_cpu_top/u_e203_cpu/u_e203_core/u_e203_ifu/u_e203_ifu_ift2icb/leftover_dffl/qout_r_reg_5_/D    -0.38 (VIOLATED)
u_e203_soc_top/u_e203_subsys_top/u_e203_subsys_main/u_e203_cpu_top/u_e203_cpu/u_e203_core/u_e203_ifu/u_e203_ifu_ift2icb/leftover_dffl/qout_r_reg_6_/D    -0.38 (VIOLATED)
u_e203_soc_top/u_e203_subsys_top/u_e203_subsys_main/u_e203_cpu_top/u_e203_cpu/u_e203_core/u_e203_ifu/u_e203_ifu_ift2icb/leftover_dffl/qout_r_reg_7_/D    -0.38 (VIOLATED)
u_e203_soc_top/u_e203_subsys_top/u_e203_subsys_main/u_e203_cpu_top/u_e203_cpu/u_e203_core/u_e203_ifu/u_e203_ifu_ift2icb/leftover_dffl/qout_r_reg_8_/D    -0.38 (VIOLATED)
u_e203_soc_top/u_e203_subsys_top/u_e203_subsys_main/u_e203_cpu_top/u_e203_cpu/u_e203_core/u_e203_ifu/u_e203_ifu_ift2icb/leftover_dffl/qout_r_reg_9_/D    -0.38 (VIOLATED)
u_e203_soc_top/u_e203_subsys_top/u_e203_subsys_main/u_e203_cpu_top/u_e203_cpu/u_e203_core/u_e203_ifu/u_e203_ifu_ift2icb/leftover_dffl/qout_r_reg_10_/D    -0.38 (VIOLATED)
u_e203_soc_top/u_e203_subsys_top/u_e203_subsys_main/u_e203_cpu_top/u_e203_cpu/u_e203_core/u_e203_ifu/u_e203_ifu_ift2icb/leftover_dffl/qout_r_reg_11_/D    -0.38 (VIOLATED)
u_e203_soc_top/u_e203_subsys_top/u_e203_subsys_main/u_e203_cpu_top/u_e203_cpu/u_e203_core/u_e203_ifu/u_e203_ifu_ift2icb/leftover_dffl/qout_r_reg_12_/D    -0.38 (VIOLATED)
u_e203_soc_top/u_e203_subsys_top/u_e203_subsys_main/u_e203_cpu_top/u_e203_cpu/u_e203_core/u_e203_ifu/u_e203_ifu_ift2icb/leftover_dffl/qout_r_reg_13_/D    -0.38 (VIOLATED)
u_e203_soc_top/u_e203_subsys_top/u_e203_subsys_main/u_e203_cpu_top/u_e203_cpu/u_e203_core/u_e203_ifu/u_e203_ifu_ift2icb/leftover_dffl/qout_r_reg_14_/D    -0.38 (VIOLATED)
u_e203_soc_top/u_e203_subsys_top/u_e203_subsys_main/u_e203_cpu_top/u_e203_cpu/u_e203_core/u_e203_ifu/u_e203_ifu_ift2icb/leftover_dffl/qout_r_reg_15_/D    -0.38 (VIOLATED)
u_e203_soc_top/u_e203_subsys_top/u_e203_subsys_main/u_e203_cpu_top/u_e203_cpu/u_e203_dtcm_ctrl/u_sram_icb_ctrl/u_byp_icb_cmd_buf/u_bypbuf_fifo/dp_gt0_vec_0_dfflrs/qout_r_reg_0_/D    -0.37 (VIOLATED)
u_e203_soc_top/u_e203_subsys_top/u_e203_subsys_main/u_e203_cpu_top/u_e203_cpu/u_e203_core/u_e203_ifu/u_e203_ifu_ift2icb/icb_addr_2_1_dffl/qout_r_reg_1_/D    -0.37 (VIOLATED)
u_e203_soc_top/u_e203_subsys_top/u_e203_subsys_main/u_e203_cpu_top/u_e203_cpu/u_e203_core/u_e203_ifu/u_e203_ifu_ift2icb/icb_addr_2_1_dffl/qout_r_reg_0_/D    -0.36 (VIOLATED)
u_e203_soc_top/u_e203_subsys_top/u_e203_subsys_main/u_e203_cpu_top/u_e203_cpu/u_e203_core/u_e203_ifu/u_e203_ifu_ifetch/ifu_lo_ir_dfflr/qout_r_reg_4_/D    -0.36 (VIOLATED)
u_e203_soc_top/u_e203_subsys_top/u_e203_subsys_main/u_e203_cpu_top/u_e203_cpu/u_e203_core/u_e203_ifu/u_e203_ifu_ifetch/ifu_lo_ir_dfflr/qout_r_reg_1_/D    -0.36 (VIOLATED)
u_e203_soc_top/u_e203_subsys_top/u_e203_subsys_main/u_e203_cpu_top/u_e203_cpu/u_e203_core/u_e203_ifu/u_e203_ifu_ifetch/ifu_lo_ir_dfflr/qout_r_reg_13_/D    -0.36 (VIOLATED)
u_e203_soc_top/u_e203_subsys_top/u_e203_subsys_main/u_e203_cpu_top/u_e203_cpu/u_e203_dtcm_ctrl/u_sram_icb_ctrl/u_byp_icb_cmd_buf/u_bypbuf_fifo/dp_gt0_fifo_rf_0__fifo_rf_dffl/qout_r_reg_16_/D    -0.36 (VIOLATED)
u_e203_soc_top/u_e203_subsys_top/u_e203_subsys_main/u_e203_cpu_top/u_e203_cpu/u_e203_dtcm_ctrl/u_sram_icb_ctrl/u_byp_icb_cmd_buf/u_bypbuf_fifo/dp_gt0_fifo_rf_0__fifo_rf_dffl/qout_r_reg_17_/D    -0.36 (VIOLATED)
u_e203_soc_top/u_e203_subsys_top/u_e203_subsys_main/u_e203_cpu_top/u_e203_cpu/u_e203_dtcm_ctrl/u_sram_icb_ctrl/u_byp_icb_cmd_buf/u_bypbuf_fifo/dp_gt0_fifo_rf_0__fifo_rf_dffl/qout_r_reg_6_/D    -0.36 (VIOLATED)
u_e203_soc_top/u_e203_subsys_top/u_e203_subsys_main/u_e203_cpu_top/u_e203_cpu/u_e203_dtcm_ctrl/u_sram_icb_ctrl/u_byp_icb_cmd_buf/u_bypbuf_fifo/dp_gt0_fifo_rf_0__fifo_rf_dffl/qout_r_reg_5_/D    -0.36 (VIOLATED)
u_e203_soc_top/u_e203_subsys_top/u_e203_subsys_main/u_e203_cpu_top/u_e203_cpu/u_e203_dtcm_ctrl/u_sram_icb_ctrl/u_byp_icb_cmd_buf/u_bypbuf_fifo/dp_gt0_fifo_rf_0__fifo_rf_dffl/qout_r_reg_7_/D    -0.36 (VIOLATED)
u_e203_soc_top/u_e203_subsys_top/u_e203_subsys_main/u_e203_cpu_top/u_e203_cpu/u_e203_dtcm_ctrl/u_sram_icb_ctrl/u_byp_icb_cmd_buf/u_bypbuf_fifo/dp_gt0_fifo_rf_0__fifo_rf_dffl/qout_r_reg_18_/D    -0.36 (VIOLATED)
u_e203_soc_top/u_e203_subsys_top/u_e203_subsys_main/u_e203_cpu_top/u_e203_cpu/u_e203_dtcm_ctrl/u_sram_icb_ctrl/u_byp_icb_cmd_buf/u_bypbuf_fifo/dp_gt0_fifo_rf_0__fifo_rf_dffl/qout_r_reg_19_/D    -0.36 (VIOLATED)
u_e203_soc_top/u_e203_subsys_top/u_e203_subsys_main/u_e203_cpu_top/u_e203_cpu/u_e203_dtcm_ctrl/u_sram_icb_ctrl/u_byp_icb_cmd_buf/u_bypbuf_fifo/dp_gt0_fifo_rf_0__fifo_rf_dffl/qout_r_reg_1_/D    -0.36 (VIOLATED)
u_e203_soc_top/u_e203_subsys_top/u_e203_subsys_main/u_e203_cpu_top/u_e203_cpu/u_e203_dtcm_ctrl/u_sram_icb_ctrl/u_byp_icb_cmd_buf/u_bypbuf_fifo/dp_gt0_fifo_rf_0__fifo_rf_dffl/qout_r_reg_2_/D    -0.36 (VIOLATED)
u_e203_soc_top/u_e203_subsys_top/u_e203_subsys_main/u_e203_cpu_top/u_e203_cpu/u_e203_dtcm_ctrl/u_sram_icb_ctrl/u_byp_icb_cmd_buf/u_bypbuf_fifo/dp_gt0_fifo_rf_0__fifo_rf_dffl/qout_r_reg_3_/D    -0.36 (VIOLATED)
u_e203_soc_top/u_e203_subsys_top/u_e203_subsys_main/u_e203_cpu_top/u_e203_cpu/u_e203_dtcm_ctrl/u_sram_icb_ctrl/u_byp_icb_cmd_buf/u_bypbuf_fifo/dp_gt0_fifo_rf_0__fifo_rf_dffl/qout_r_reg_4_/D    -0.36 (VIOLATED)
u_e203_soc_top/u_e203_subsys_top/u_e203_subsys_main/u_e203_cpu_top/u_e203_cpu/u_e203_dtcm_ctrl/u_sram_icb_ctrl/u_byp_icb_cmd_buf/u_bypbuf_fifo/dp_gt0_fifo_rf_0__fifo_rf_dffl/qout_r_reg_42_/D    -0.36 (VIOLATED)
u_e203_soc_top/u_e203_subsys_top/u_e203_subsys_main/u_e203_cpu_top/u_e203_cpu/u_e203_dtcm_ctrl/u_sram_icb_ctrl/u_byp_icb_cmd_buf/u_bypbuf_fifo/dp_gt0_fifo_rf_0__fifo_rf_dffl/qout_r_reg_38_/D    -0.36 (VIOLATED)
u_e203_soc_top/u_e203_subsys_top/u_e203_subsys_main/u_e203_cpu_top/u_e203_cpu/u_e203_dtcm_ctrl/u_sram_icb_ctrl/u_byp_icb_cmd_buf/u_bypbuf_fifo/dp_gt0_fifo_rf_0__fifo_rf_dffl/qout_r_reg_39_/D    -0.36 (VIOLATED)
u_e203_soc_top/u_e203_subsys_top/u_e203_subsys_main/u_e203_cpu_top/u_e203_cpu/u_e203_dtcm_ctrl/u_sram_icb_ctrl/u_byp_icb_cmd_buf/u_bypbuf_fifo/dp_gt0_fifo_rf_0__fifo_rf_dffl/qout_r_reg_40_/D    -0.36 (VIOLATED)
u_e203_soc_top/u_e203_subsys_top/u_e203_subsys_main/u_e203_cpu_top/u_e203_cpu/u_e203_dtcm_ctrl/u_sram_icb_ctrl/u_byp_icb_cmd_buf/u_bypbuf_fifo/dp_gt0_fifo_rf_0__fifo_rf_dffl/qout_r_reg_41_/D    -0.36 (VIOLATED)
u_e203_soc_top/u_e203_subsys_top/u_e203_subsys_main/u_e203_cpu_top/u_e203_cpu/u_e203_dtcm_ctrl/u_sram_icb_ctrl/u_byp_icb_cmd_buf/u_bypbuf_fifo/dp_gt0_fifo_rf_0__fifo_rf_dffl/qout_r_reg_43_/D    -0.36 (VIOLATED)
u_e203_soc_top/u_e203_subsys_top/u_e203_subsys_main/u_e203_cpu_top/u_e203_cpu/u_e203_dtcm_ctrl/u_sram_icb_ctrl/u_byp_icb_cmd_buf/u_bypbuf_fifo/dp_gt0_fifo_rf_0__fifo_rf_dffl/qout_r_reg_44_/D    -0.36 (VIOLATED)
u_e203_soc_top/u_e203_subsys_top/u_e203_subsys_main/u_e203_cpu_top/u_e203_cpu/u_e203_dtcm_ctrl/u_sram_icb_ctrl/u_byp_icb_cmd_buf/u_bypbuf_fifo/dp_gt0_fifo_rf_0__fifo_rf_dffl/qout_r_reg_22_/D    -0.36 (VIOLATED)
u_e203_soc_top/u_e203_subsys_top/u_e203_subsys_main/u_e203_cpu_top/u_e203_cpu/u_e203_dtcm_ctrl/u_sram_icb_ctrl/u_byp_icb_cmd_buf/u_bypbuf_fifo/dp_gt0_fifo_rf_0__fifo_rf_dffl/qout_r_reg_29_/D    -0.36 (VIOLATED)
u_e203_soc_top/u_e203_subsys_top/u_e203_subsys_main/u_e203_cpu_top/u_e203_cpu/u_e203_dtcm_ctrl/u_sram_icb_ctrl/u_byp_icb_cmd_buf/u_bypbuf_fifo/dp_gt0_fifo_rf_0__fifo_rf_dffl/qout_r_reg_31_/D    -0.36 (VIOLATED)
u_e203_soc_top/u_e203_subsys_top/u_e203_subsys_main/u_e203_cpu_top/u_e203_cpu/u_e203_dtcm_ctrl/u_sram_icb_ctrl/u_byp_icb_cmd_buf/u_bypbuf_fifo/dp_gt0_fifo_rf_0__fifo_rf_dffl/qout_r_reg_32_/D    -0.36 (VIOLATED)
u_e203_soc_top/u_e203_subsys_top/u_e203_subsys_main/u_e203_cpu_top/u_e203_cpu/u_e203_dtcm_ctrl/u_sram_icb_ctrl/u_byp_icb_cmd_buf/u_bypbuf_fifo/dp_gt0_fifo_rf_0__fifo_rf_dffl/qout_r_reg_37_/D    -0.36 (VIOLATED)
u_e203_soc_top/u_e203_subsys_top/u_e203_subsys_main/u_e203_cpu_top/u_e203_cpu/u_e203_dtcm_ctrl/u_sram_icb_ctrl/u_byp_icb_cmd_buf/u_bypbuf_fifo/dp_gt0_fifo_rf_0__fifo_rf_dffl/qout_r_reg_8_/D    -0.36 (VIOLATED)
u_e203_soc_top/u_e203_subsys_top/u_e203_subsys_main/u_e203_cpu_top/u_e203_cpu/u_e203_dtcm_ctrl/u_sram_icb_ctrl/u_byp_icb_cmd_buf/u_bypbuf_fifo/dp_gt0_fifo_rf_0__fifo_rf_dffl/qout_r_reg_11_/D    -0.36 (VIOLATED)
u_e203_soc_top/u_e203_subsys_top/u_e203_subsys_main/u_e203_cpu_top/u_e203_cpu/u_e203_dtcm_ctrl/u_sram_icb_ctrl/u_byp_icb_cmd_buf/u_bypbuf_fifo/dp_gt0_fifo_rf_0__fifo_rf_dffl/qout_r_reg_12_/D    -0.36 (VIOLATED)
u_e203_soc_top/u_e203_subsys_top/u_e203_subsys_main/u_e203_cpu_top/u_e203_cpu/u_e203_dtcm_ctrl/u_sram_icb_ctrl/u_byp_icb_cmd_buf/u_bypbuf_fifo/dp_gt0_fifo_rf_0__fifo_rf_dffl/qout_r_reg_13_/D    -0.36 (VIOLATED)
u_e203_soc_top/u_e203_subsys_top/u_e203_subsys_main/u_e203_cpu_top/u_e203_cpu/u_e203_dtcm_ctrl/u_sram_icb_ctrl/u_byp_icb_cmd_buf/u_bypbuf_fifo/dp_gt0_fifo_rf_0__fifo_rf_dffl/qout_r_reg_14_/D    -0.36 (VIOLATED)
u_e203_soc_top/u_e203_subsys_top/u_e203_subsys_main/u_e203_cpu_top/u_e203_cpu/u_e203_dtcm_ctrl/u_sram_icb_ctrl/u_byp_icb_cmd_buf/u_bypbuf_fifo/dp_gt0_fifo_rf_0__fifo_rf_dffl/qout_r_reg_9_/D    -0.36 (VIOLATED)
u_e203_soc_top/u_e203_subsys_top/u_e203_subsys_main/u_e203_cpu_top/u_e203_cpu/u_e203_dtcm_ctrl/u_sram_icb_ctrl/u_byp_icb_cmd_buf/u_bypbuf_fifo/dp_gt0_fifo_rf_0__fifo_rf_dffl/qout_r_reg_10_/D    -0.36 (VIOLATED)
u_e203_soc_top/u_e203_subsys_top/u_e203_subsys_main/u_e203_cpu_top/u_e203_cpu/u_e203_dtcm_ctrl/u_sram_icb_ctrl/u_byp_icb_cmd_buf/u_bypbuf_fifo/dp_gt0_fifo_rf_0__fifo_rf_dffl/qout_r_reg_30_/D    -0.36 (VIOLATED)
u_e203_soc_top/u_e203_subsys_top/u_e203_subsys_main/u_e203_cpu_top/u_e203_cpu/u_e203_dtcm_ctrl/u_sram_icb_ctrl/u_byp_icb_cmd_buf/u_bypbuf_fifo/dp_gt0_fifo_rf_0__fifo_rf_dffl/qout_r_reg_33_/D    -0.36 (VIOLATED)
u_e203_soc_top/u_e203_subsys_top/u_e203_subsys_main/u_e203_cpu_top/u_e203_cpu/u_e203_dtcm_ctrl/u_sram_icb_ctrl/u_byp_icb_cmd_buf/u_bypbuf_fifo/dp_gt0_fifo_rf_0__fifo_rf_dffl/qout_r_reg_34_/D    -0.36 (VIOLATED)
u_e203_soc_top/u_e203_subsys_top/u_e203_subsys_main/u_e203_cpu_top/u_e203_cpu/u_e203_dtcm_ctrl/u_sram_icb_ctrl/u_byp_icb_cmd_buf/u_bypbuf_fifo/dp_gt0_fifo_rf_0__fifo_rf_dffl/qout_r_reg_35_/D    -0.36 (VIOLATED)
u_e203_soc_top/u_e203_subsys_top/u_e203_subsys_main/u_e203_cpu_top/u_e203_cpu/u_e203_dtcm_ctrl/u_sram_icb_ctrl/u_byp_icb_cmd_buf/u_bypbuf_fifo/dp_gt0_fifo_rf_0__fifo_rf_dffl/qout_r_reg_36_/D    -0.36 (VIOLATED)
u_e203_soc_top/u_e203_subsys_top/u_e203_subsys_main/u_e203_cpu_top/u_e203_cpu/u_e203_dtcm_ctrl/u_sram_icb_ctrl/u_byp_icb_cmd_buf/u_bypbuf_fifo/dp_gt0_fifo_rf_0__fifo_rf_dffl/qout_r_reg_0_/D    -0.36 (VIOLATED)
u_e203_soc_top/u_e203_subsys_top/u_e203_subsys_main/u_e203_cpu_top/u_e203_cpu/u_e203_core/u_e203_ifu/u_e203_ifu_ifetch/ifu_prdt_taken_dfflr/qout_r_reg_0_/D    -0.36 (VIOLATED)
u_e203_soc_top/u_e203_subsys_top/u_e203_subsys_main/u_e203_cpu_top/u_e203_cpu/u_e203_core/u_e203_ifu/u_e203_ifu_ifetch/ifu_lo_ir_dfflr/qout_r_reg_3_/D    -0.36 (VIOLATED)
u_e203_soc_top/u_e203_subsys_top/u_e203_subsys_main/u_e203_cpu_top/u_e203_cpu/u_e203_core/u_e203_ifu/u_e203_ifu_ifetch/ifu_lo_ir_dfflr/qout_r_reg_10_/D    -0.36 (VIOLATED)
u_e203_soc_top/u_e203_subsys_top/u_e203_subsys_main/u_e203_cpu_top/u_e203_cpu/u_e203_core/u_e203_ifu/u_e203_ifu_ifetch/ifu_lo_ir_dfflr/qout_r_reg_5_/D    -0.36 (VIOLATED)
u_e203_soc_top/u_e203_subsys_top/u_e203_subsys_main/u_e203_cpu_top/u_e203_cpu/u_e203_core/u_e203_ifu/u_e203_ifu_ifetch/ifu_lo_ir_dfflr/qout_r_reg_14_/D    -0.36 (VIOLATED)
u_e203_soc_top/u_e203_subsys_top/u_e203_subsys_main/u_e203_cpu_top/u_e203_cpu/u_e203_core/u_e203_ifu/u_e203_ifu_ifetch/ifu_lo_ir_dfflr/qout_r_reg_9_/D    -0.36 (VIOLATED)
u_e203_soc_top/u_e203_subsys_top/u_e203_subsys_main/u_e203_cpu_top/u_e203_cpu/u_e203_core/u_e203_ifu/u_e203_ifu_ifetch/ifu_lo_ir_dfflr/qout_r_reg_12_/D    -0.36 (VIOLATED)
u_e203_soc_top/u_e203_subsys_top/u_e203_subsys_main/u_e203_cpu_top/u_e203_cpu/u_e203_core/u_e203_ifu/u_e203_ifu_ifetch/ifu_lo_ir_dfflr/qout_r_reg_15_/D    -0.36 (VIOLATED)
u_e203_soc_top/u_e203_subsys_top/u_e203_subsys_main/u_e203_cpu_top/u_e203_cpu/u_e203_core/u_e203_ifu/u_e203_ifu_ifetch/ifu_lo_ir_dfflr/qout_r_reg_7_/D    -0.36 (VIOLATED)
u_e203_soc_top/u_e203_subsys_top/u_e203_subsys_main/u_e203_cpu_top/u_e203_cpu/u_e203_core/u_e203_ifu/u_e203_ifu_ifetch/ifu_lo_ir_dfflr/qout_r_reg_6_/D    -0.36 (VIOLATED)
u_e203_soc_top/u_e203_subsys_top/u_e203_subsys_main/u_e203_cpu_top/u_e203_cpu/u_e203_core/u_e203_ifu/u_e203_ifu_ifetch/ifu_err_dfflr/qout_r_reg_0_/D    -0.36 (VIOLATED)
u_e203_soc_top/u_e203_subsys_top/u_e203_subsys_main/u_e203_cpu_top/u_e203_cpu/u_e203_core/u_e203_ifu/u_e203_ifu_ifetch/ir_muldiv_b2b_dfflr/qout_r_reg_0_/D    -0.36 (VIOLATED)
u_e203_soc_top/u_e203_subsys_top/u_e203_subsys_main/u_e203_cpu_top/u_e203_cpu/u_e203_core/u_e203_ifu/u_e203_ifu_ift2icb/leftover_err_dfflr/qout_r_reg_0_/D    -0.35 (VIOLATED)
u_e203_soc_top/u_e203_subsys_top/u_e203_subsys_main/u_e203_cpu_top/u_e203_cpu/u_e203_dtcm_ctrl/u_sram_icb_ctrl/u_byp_icb_cmd_buf/u_bypbuf_fifo/dp_gt0_vec_31_dfflr/qout_r_reg_0_/D    -0.35 (VIOLATED)
u_e203_soc_top/u_e203_subsys_top/u_e203_subsys_main/u_e203_cpu_top/u_e203_cpu/u_e203_core/u_e203_ifu/u_e203_ifu_ifetch/pc_dfflr/qout_r_reg_15_/D    -0.35 (VIOLATED)
u_e203_soc_top/u_e203_subsys_top/u_e203_subsys_main/u_e203_cpu_top/u_e203_cpu/u_e203_core/u_e203_ifu/u_e203_ifu_ifetch/pc_dfflr/qout_r_reg_20_/D    -0.35 (VIOLATED)
u_e203_soc_top/u_e203_subsys_top/u_e203_subsys_main/u_e203_cpu_top/u_e203_cpu/u_e203_core/u_e203_ifu/u_e203_ifu_ifetch/pc_dfflr/qout_r_reg_22_/D    -0.35 (VIOLATED)
u_e203_soc_top/u_e203_subsys_top/u_e203_subsys_main/u_e203_cpu_top/u_e203_cpu/u_e203_core/u_e203_ifu/u_e203_ifu_ifetch/pc_dfflr/qout_r_reg_21_/D    -0.35 (VIOLATED)
u_e203_soc_top/u_e203_subsys_top/u_e203_subsys_main/u_e203_cpu_top/u_e203_cpu/u_e203_core/u_e203_ifu/u_e203_ifu_ifetch/pc_dfflr/qout_r_reg_31_/D    -0.35 (VIOLATED)
u_e203_soc_top/u_e203_subsys_top/u_e203_subsys_main/u_e203_cpu_top/u_e203_cpu/u_e203_core/u_e203_ifu/u_e203_ifu_ifetch/pc_dfflr/qout_r_reg_19_/D    -0.35 (VIOLATED)
u_e203_soc_top/u_e203_subsys_top/u_e203_subsys_main/u_e203_cpu_top/u_e203_cpu/u_e203_core/u_e203_ifu/u_e203_ifu_ifetch/pc_dfflr/qout_r_reg_27_/D    -0.35 (VIOLATED)
u_e203_soc_top/u_e203_subsys_top/u_e203_subsys_main/u_e203_cpu_top/u_e203_cpu/u_e203_core/u_e203_ifu/u_e203_ifu_ifetch/pc_dfflr/qout_r_reg_23_/D    -0.35 (VIOLATED)
u_e203_soc_top/u_e203_subsys_top/u_e203_subsys_main/u_e203_cpu_top/u_e203_cpu/u_e203_core/u_e203_ifu/u_e203_ifu_ifetch/pc_dfflr/qout_r_reg_30_/D    -0.35 (VIOLATED)
u_e203_soc_top/u_e203_subsys_top/u_e203_subsys_main/u_e203_cpu_top/u_e203_cpu/u_e203_core/u_e203_ifu/u_e203_ifu_ifetch/pc_dfflr/qout_r_reg_14_/D    -0.34 (VIOLATED)
u_e203_soc_top/u_e203_subsys_top/u_e203_subsys_main/u_e203_cpu_top/u_e203_cpu/u_e203_core/u_e203_ifu/u_e203_ifu_ifetch/pc_dfflr/qout_r_reg_16_/D    -0.34 (VIOLATED)
u_e203_soc_top/u_e203_subsys_top/u_e203_subsys_main/u_e203_cpu_top/u_e203_cpu/u_e203_core/u_e203_ifu/u_e203_ifu_ifetch/pc_dfflr/qout_r_reg_17_/D    -0.34 (VIOLATED)
u_e203_soc_top/u_e203_subsys_top/u_e203_subsys_main/u_e203_cpu_top/u_e203_cpu/u_e203_core/u_e203_ifu/u_e203_ifu_ifetch/pc_dfflr/qout_r_reg_3_/D    -0.34 (VIOLATED)
u_e203_soc_top/u_e203_subsys_top/u_e203_subsys_main/u_e203_cpu_top/u_e203_cpu/u_e203_core/u_e203_ifu/u_e203_ifu_ifetch/pc_dfflr/qout_r_reg_10_/D    -0.34 (VIOLATED)
u_e203_soc_top/u_e203_subsys_top/u_e203_subsys_main/u_e203_cpu_top/u_e203_cpu/u_e203_core/u_e203_ifu/u_e203_ifu_ifetch/pc_dfflr/qout_r_reg_29_/D    -0.34 (VIOLATED)
u_e203_soc_top/u_e203_subsys_top/u_e203_subsys_main/u_e203_cpu_top/u_e203_cpu/u_e203_core/u_e203_ifu/u_e203_ifu_ifetch/pc_dfflr/qout_r_reg_5_/D    -0.34 (VIOLATED)
u_e203_soc_top/u_e203_subsys_top/u_e203_subsys_main/u_e203_cpu_top/u_e203_cpu/u_e203_core/u_e203_ifu/u_e203_ifu_ifetch/pc_dfflr/qout_r_reg_7_/D    -0.34 (VIOLATED)
u_e203_soc_top/u_e203_subsys_top/u_e203_subsys_main/u_e203_cpu_top/u_e203_cpu/u_e203_core/u_e203_ifu/u_e203_ifu_ifetch/pc_dfflr/qout_r_reg_8_/D    -0.34 (VIOLATED)
u_e203_soc_top/u_e203_subsys_top/u_e203_subsys_main/u_e203_cpu_top/u_e203_cpu/u_e203_core/u_e203_ifu/u_e203_ifu_ifetch/pc_dfflr/qout_r_reg_18_/D    -0.34 (VIOLATED)
u_e203_soc_top/u_e203_subsys_top/u_e203_subsys_main/u_e203_cpu_top/u_e203_cpu/u_e203_core/u_e203_ifu/u_e203_ifu_ifetch/dly_flush_dfflr/qout_r_reg_0_/D    -0.34 (VIOLATED)
u_e203_soc_top/u_e203_subsys_top/u_e203_subsys_main/u_e203_cpu_top/u_e203_cpu/u_e203_core/u_e203_ifu/u_e203_ifu_ifetch/pc_dfflr/qout_r_reg_25_/D    -0.34 (VIOLATED)
u_e203_soc_top/u_e203_subsys_top/u_e203_subsys_main/u_e203_cpu_top/u_e203_cpu/u_e203_core/u_e203_ifu/u_e203_ifu_ifetch/pc_dfflr/qout_r_reg_9_/D    -0.34 (VIOLATED)
u_e203_soc_top/u_e203_subsys_top/u_e203_subsys_main/u_e203_cpu_top/u_e203_cpu/u_e203_core/u_e203_ifu/u_e203_ifu_ifetch/pc_dfflr/qout_r_reg_1_/D    -0.34 (VIOLATED)
u_e203_soc_top/u_e203_subsys_top/u_e203_subsys_main/u_e203_cpu_top/u_e203_cpu/u_e203_core/u_e203_ifu/u_e203_ifu_ifetch/pc_dfflr/qout_r_reg_11_/D    -0.34 (VIOLATED)
u_e203_soc_top/u_e203_subsys_top/u_e203_subsys_main/u_e203_cpu_top/u_e203_cpu/u_e203_core/u_e203_ifu/u_e203_ifu_ifetch/pc_dfflr/qout_r_reg_13_/D    -0.34 (VIOLATED)
u_e203_soc_top/u_e203_subsys_top/u_e203_subsys_main/u_e203_cpu_top/u_e203_cpu/u_e203_core/u_e203_ifu/u_e203_ifu_ifetch/pc_dfflr/qout_r_reg_6_/D    -0.34 (VIOLATED)
u_e203_soc_top/u_e203_subsys_top/u_e203_subsys_main/u_e203_cpu_top/u_e203_cpu/u_e203_core/u_e203_ifu/u_e203_ifu_ifetch/pc_dfflr/qout_r_reg_28_/D    -0.34 (VIOLATED)
u_e203_soc_top/u_e203_subsys_top/u_e203_subsys_main/u_e203_cpu_top/u_e203_cpu/u_e203_core/u_e203_ifu/u_e203_ifu_ifetch/reset_req_dfflr/qout_r_reg_0_/D    -0.34 (VIOLATED)
u_e203_soc_top/u_e203_subsys_top/u_e203_subsys_main/u_e203_cpu_top/u_e203_cpu/u_e203_core/u_e203_ifu/u_e203_ifu_ifetch/pc_newpend_dfflr/qout_r_reg_0_/D    -0.34 (VIOLATED)
u_e203_soc_top/u_e203_subsys_top/u_e203_subsys_main/u_e203_cpu_top/u_e203_cpu/u_e203_core/u_e203_ifu/u_e203_ifu_ifetch/pc_dfflr/qout_r_reg_24_/D    -0.34 (VIOLATED)
u_e203_soc_top/u_e203_subsys_top/u_e203_subsys_main/u_e203_cpu_top/u_e203_cpu/u_e203_core/u_e203_ifu/u_e203_ifu_ifetch/pc_dfflr/qout_r_reg_26_/D    -0.34 (VIOLATED)
u_e203_soc_top/u_e203_subsys_top/u_e203_subsys_main/u_e203_cpu_top/u_e203_cpu/u_e203_core/u_e203_ifu/u_e203_ifu_ifetch/pc_dfflr/qout_r_reg_4_/D    -0.34 (VIOLATED)
u_e203_soc_top/u_e203_subsys_top/u_e203_subsys_main/u_e203_cpu_top/u_e203_cpu/u_e203_core/u_e203_ifu/u_e203_ifu_ift2icb/icb2itcm_dfflr/qout_r_reg_0_/D    -0.33 (VIOLATED)
u_e203_soc_top/u_e203_subsys_top/u_e203_subsys_main/u_e203_cpu_top/u_e203_cpu/u_e203_core/u_e203_ifu/u_e203_ifu_ift2icb/icb2mem_dfflr/qout_r_reg_0_/D    -0.33 (VIOLATED)
u_e203_soc_top/u_e203_subsys_top/u_e203_subsys_main/u_e203_cpu_top/u_e203_cpu/u_e203_core/u_e203_ifu/u_e203_ifu_ifetch/out_flag_dfflr/qout_r_reg_0_/D    -0.33 (VIOLATED)
u_e203_soc_top/u_e203_subsys_top/u_e203_subsys_main/u_e203_cpu_top/u_e203_cpu/u_e203_dtcm_ctrl/u_sram_icb_ctrl/u_byp_icb_cmd_buf/u_bypbuf_fifo/dp_gt0_fifo_rf_0__fifo_rf_dffl/qout_r_reg_15_/D    -0.33 (VIOLATED)
u_e203_soc_top/u_e203_subsys_top/u_e203_subsys_main/u_e203_cpu_top/u_e203_cpu/u_e203_dtcm_ctrl/u_sram_icb_ctrl/u_byp_icb_cmd_buf/u_bypbuf_fifo/dp_gt0_fifo_rf_0__fifo_rf_dffl/qout_r_reg_45_/D    -0.33 (VIOLATED)
u_e203_soc_top/u_e203_subsys_top/u_e203_subsys_main/u_e203_cpu_top/u_e203_cpu/u_e203_dtcm_ctrl/u_sram_icb_ctrl/u_byp_icb_cmd_buf/u_bypbuf_fifo/dp_gt0_fifo_rf_0__fifo_rf_dffl/qout_r_reg_46_/D    -0.33 (VIOLATED)
u_e203_soc_top/u_e203_subsys_top/u_e203_subsys_main/u_e203_cpu_top/u_e203_cpu/u_e203_dtcm_ctrl/u_sram_icb_ctrl/u_byp_icb_cmd_buf/u_bypbuf_fifo/dp_gt0_fifo_rf_0__fifo_rf_dffl/qout_r_reg_47_/D    -0.33 (VIOLATED)
u_e203_soc_top/u_e203_subsys_top/u_e203_subsys_main/u_e203_cpu_top/u_e203_cpu/u_e203_dtcm_ctrl/u_sram_icb_ctrl/u_byp_icb_cmd_buf/u_bypbuf_fifo/dp_gt0_fifo_rf_0__fifo_rf_dffl/qout_r_reg_48_/D    -0.33 (VIOLATED)
u_e203_soc_top/u_e203_subsys_top/u_e203_subsys_main/u_e203_cpu_top/u_e203_cpu/u_e203_dtcm_ctrl/u_sram_icb_ctrl/u_byp_icb_cmd_buf/u_bypbuf_fifo/dp_gt0_fifo_rf_0__fifo_rf_dffl/qout_r_reg_49_/D    -0.33 (VIOLATED)
u_e203_soc_top/u_e203_subsys_top/u_e203_subsys_main/u_e203_cpu_top/u_e203_cpu/u_e203_dtcm_ctrl/u_sram_icb_ctrl/u_byp_icb_cmd_buf/u_bypbuf_fifo/dp_gt0_fifo_rf_0__fifo_rf_dffl/qout_r_reg_50_/D    -0.33 (VIOLATED)
u_e203_soc_top/u_e203_subsys_top/u_e203_subsys_main/u_e203_cpu_top/u_e203_cpu/u_e203_dtcm_ctrl/u_sram_icb_ctrl/u_byp_icb_cmd_buf/u_bypbuf_fifo/dp_gt0_fifo_rf_0__fifo_rf_dffl/qout_r_reg_23_/D    -0.33 (VIOLATED)
u_e203_soc_top/u_e203_subsys_top/u_e203_subsys_main/u_e203_cpu_top/u_e203_cpu/u_e203_dtcm_ctrl/u_sram_icb_ctrl/u_byp_icb_cmd_buf/u_bypbuf_fifo/dp_gt0_fifo_rf_0__fifo_rf_dffl/qout_r_reg_24_/D    -0.33 (VIOLATED)
u_e203_soc_top/u_e203_subsys_top/u_e203_subsys_main/u_e203_cpu_top/u_e203_cpu/u_e203_dtcm_ctrl/u_sram_icb_ctrl/u_byp_icb_cmd_buf/u_bypbuf_fifo/dp_gt0_fifo_rf_0__fifo_rf_dffl/qout_r_reg_20_/D    -0.33 (VIOLATED)
u_e203_soc_top/u_e203_subsys_top/u_e203_subsys_main/u_e203_cpu_top/u_e203_cpu/u_e203_dtcm_ctrl/u_sram_icb_ctrl/u_byp_icb_cmd_buf/u_bypbuf_fifo/dp_gt0_fifo_rf_0__fifo_rf_dffl/qout_r_reg_21_/D    -0.33 (VIOLATED)
u_e203_soc_top/u_e203_subsys_top/u_e203_subsys_main/u_e203_cpu_top/u_e203_cpu/u_e203_dtcm_ctrl/u_sram_icb_ctrl/u_byp_icb_cmd_buf/u_bypbuf_fifo/dp_gt0_fifo_rf_0__fifo_rf_dffl/qout_r_reg_25_/D    -0.33 (VIOLATED)
u_e203_soc_top/u_e203_subsys_top/u_e203_subsys_main/u_e203_cpu_top/u_e203_cpu/u_e203_dtcm_ctrl/u_sram_icb_ctrl/u_byp_icb_cmd_buf/u_bypbuf_fifo/dp_gt0_fifo_rf_0__fifo_rf_dffl/qout_r_reg_26_/D    -0.33 (VIOLATED)
u_e203_soc_top/u_e203_subsys_top/u_e203_subsys_main/u_e203_cpu_top/u_e203_cpu/u_e203_dtcm_ctrl/u_sram_icb_ctrl/u_byp_icb_cmd_buf/u_bypbuf_fifo/dp_gt0_fifo_rf_0__fifo_rf_dffl/qout_r_reg_27_/D    -0.33 (VIOLATED)
u_e203_soc_top/u_e203_subsys_top/u_e203_subsys_main/u_e203_cpu_top/u_e203_cpu/u_e203_dtcm_ctrl/u_sram_icb_ctrl/u_byp_icb_cmd_buf/u_bypbuf_fifo/dp_gt0_fifo_rf_0__fifo_rf_dffl/qout_r_reg_28_/D    -0.33 (VIOLATED)
u_e203_soc_top/u_e203_subsys_top/u_e203_subsys_main/u_e203_cpu_top/u_e203_cpu/u_e203_dtcm_ctrl/u_sram_icb_ctrl/u_byp_icb_cmd_buf/u_bypbuf_fifo/dp_gt0_fifo_rf_0__fifo_rf_dffl/qout_r_reg_51_/D    -0.33 (VIOLATED)
u_e203_soc_top/u_e203_subsys_top/u_e203_subsys_main/u_e203_cpu_top/u_e203_cpu/u_e203_core/u_e203_ifu/u_e203_ifu_ift2icb/req_need_2uop_dfflr/qout_r_reg_0_/D    -0.32 (VIOLATED)
u_e203_soc_top/u_e203_subsys_top/u_e203_subsys_main/u_e203_cpu_top/u_e203_cpu/u_e203_core/u_e203_ifu/u_e203_ifu_ift2icb/req_lane_cross_dfflr/qout_r_reg_0_/D    -0.32 (VIOLATED)
u_e203_soc_top/u_e203_subsys_top/u_e203_subsys_main/u_e203_cpu_top/u_e203_cpu/u_e203_core/u_e203_ifu/u_e203_ifu_ift2icb/req_need_0uop_dfflr/qout_r_reg_0_/D    -0.32 (VIOLATED)
u_e203_soc_top/u_e203_subsys_top/u_e203_subsys_main/u_e203_cpu_top/u_e203_cpu/u_e203_core/u_e203_ifu/u_e203_ifu_ift2icb/req_same_cross_holdup_dfflr/qout_r_reg_0_/D    -0.32 (VIOLATED)
u_e203_soc_top/u_e203_subsys_top/u_e203_subsys_main/u_e203_cpu_top/u_e203_cpu/u_e203_core/u_e203_ifu/u_e203_ifu_ifetch/pc_dfflr/qout_r_reg_2_/D    -0.31 (VIOLATED)
u_e203_soc_top/u_e203_subsys_top/u_e203_subsys_main/u_e203_cpu_top/u_e203_cpu/u_e203_core/u_e203_ifu/u_e203_ifu_ifetch/pc_dfflr/qout_r_reg_12_/D    -0.31 (VIOLATED)
u_e203_soc_top/u_e203_subsys_top/u_e203_subsys_main/u_e203_cpu_top/u_e203_cpu/u_e203_dtcm_ctrl/u_sram_icb_ctrl/u_sirv_1cyc_sram_ctrl/u_e1_stage/dp_gt_0_vld_dfflr/qout_r_reg_0_/D    -0.31 (VIOLATED)
u_e203_soc_top/u_e203_subsys_top/u_e203_subsys_main/u_e203_cpu_top/u_e203_cpu/u_e203_core/u_e203_exu/u_e203_exu_alu/u_e203_exu_alu_dpath/sbf_0_dffl/qout_r_reg_29_/D    -0.30 (VIOLATED)
u_e203_soc_top/u_e203_subsys_top/u_e203_subsys_main/u_e203_cpu_top/u_e203_cpu/u_e203_core/u_e203_exu/u_e203_exu_alu/u_e203_exu_alu_dpath/sbf_0_dffl/qout_r_reg_30_/D    -0.30 (VIOLATED)
u_e203_soc_top/u_e203_subsys_top/u_e203_subsys_main/u_e203_cpu_top/u_e203_cpu/u_e203_core/u_e203_exu/u_e203_exu_alu/u_e203_exu_alu_dpath/sbf_0_dffl/qout_r_reg_31_/D    -0.30 (VIOLATED)
u_e203_soc_top/u_e203_subsys_top/u_e203_subsys_main/u_e203_cpu_top/u_e203_cpu/u_e203_core/u_e203_exu/u_e203_exu_alu/u_e203_exu_alu_dpath/sbf_0_dffl/qout_r_reg_1_/D    -0.30 (VIOLATED)
u_e203_soc_top/u_e203_subsys_top/u_e203_subsys_main/u_e203_cpu_top/u_e203_cpu/u_e203_core/u_e203_exu/u_e203_exu_alu/u_e203_exu_alu_dpath/sbf_0_dffl/qout_r_reg_2_/D    -0.30 (VIOLATED)
u_e203_soc_top/u_e203_subsys_top/u_e203_subsys_main/u_e203_cpu_top/u_e203_cpu/u_e203_core/u_e203_exu/u_e203_exu_alu/u_e203_exu_alu_dpath/sbf_0_dffl/qout_r_reg_5_/D    -0.30 (VIOLATED)
u_e203_soc_top/u_e203_subsys_top/u_e203_subsys_main/u_e203_cpu_top/u_e203_cpu/u_e203_core/u_e203_exu/u_e203_exu_alu/u_e203_exu_alu_dpath/sbf_0_dffl/qout_r_reg_28_/D    -0.30 (VIOLATED)
u_e203_soc_top/u_e203_subsys_top/u_e203_subsys_main/u_e203_cpu_top/u_e203_cpu/u_e203_core/u_e203_exu/u_e203_exu_alu/u_e203_exu_alu_dpath/sbf_0_dffl/qout_r_reg_6_/D    -0.30 (VIOLATED)
u_e203_soc_top/u_e203_subsys_top/u_e203_subsys_main/u_e203_cpu_top/u_e203_cpu/u_e203_core/u_e203_exu/u_e203_exu_alu/u_e203_exu_alu_dpath/sbf_0_dffl/qout_r_reg_32_/D    -0.30 (VIOLATED)
